// Jest Snapshot v1, https://goo.gl/fbAQLP

exports[`Cascader can be selected 1`] = `
<div>
  <div class="ant-cascader-menus  ant-cascader-menus-placement-bottomLeft" style="left: -999px; top: -995px;">
    <div class="ant-cascader-menus-content">
      <ul class="ant-cascader-menu">
        <li role="menuitem" title="Zhejiang" class="ant-cascader-menu-item ant-cascader-menu-item-expand ant-cascader-menu-item-active">Zhejiang<span class="ant-cascader-menu-item-expand-icon"><i aria-label="icon: right" class="anticon anticon-right"><svg viewBox="64 64 896 896" data-icon="right" width="1em" height="1em" fill="currentColor" aria-hidden="true" focusable="false" class=""><path d="M765.7 486.8L314.9 134.7A7.97 7.97 0 0 0 302 141v77.3c0 4.9 2.3 9.6 6.1 12.6l360 281.1-360 281.1c-3.9 3-6.1 7.7-6.1 12.6V883c0 6.7 7.7 10.4 12.9 6.3l450.8-352.1a31.96 31.96 0 0 0 0-50.4z"></path></svg></i></span></li>
        <li role="menuitem" title="Jiangsu" class="ant-cascader-menu-item ant-cascader-menu-item-expand">Jiangsu<span class="ant-cascader-menu-item-expand-icon"><i aria-label="icon: right" class="anticon anticon-right"><svg viewBox="64 64 896 896" data-icon="right" width="1em" height="1em" fill="currentColor" aria-hidden="true" focusable="false" class=""><path d="M765.7 486.8L314.9 134.7A7.97 7.97 0 0 0 302 141v77.3c0 4.9 2.3 9.6 6.1 12.6l360 281.1-360 281.1c-3.9 3-6.1 7.7-6.1 12.6V883c0 6.7 7.7 10.4 12.9 6.3l450.8-352.1a31.96 31.96 0 0 0 0-50.4z"></path></svg></i></span></li>
      </ul>
      <ul class="ant-cascader-menu">
        <li role="menuitem" title="Hangzhou" class="ant-cascader-menu-item ant-cascader-menu-item-expand">Hangzhou<span class="ant-cascader-menu-item-expand-icon"><i aria-label="icon: right" class="anticon anticon-right"><svg viewBox="64 64 896 896" data-icon="right" width="1em" height="1em" fill="currentColor" aria-hidden="true" focusable="false" class=""><path d="M765.7 486.8L314.9 134.7A7.97 7.97 0 0 0 302 141v77.3c0 4.9 2.3 9.6 6.1 12.6l360 281.1-360 281.1c-3.9 3-6.1 7.7-6.1 12.6V883c0 6.7 7.7 10.4 12.9 6.3l450.8-352.1a31.96 31.96 0 0 0 0-50.4z"></path></svg></i></span></li>
      </ul>
    </div>
  </div>
</div>
`;

exports[`Cascader can be selected 2`] = `
<div>
  <div class="ant-cascader-menus  ant-cascader-menus-placement-bottomLeft" style="left: -999px; top: -995px;">
    <div class="ant-cascader-menus-content">
      <ul class="ant-cascader-menu">
        <li role="menuitem" title="Zhejiang" class="ant-cascader-menu-item ant-cascader-menu-item-expand ant-cascader-menu-item-active">Zhejiang<span class="ant-cascader-menu-item-expand-icon"><i aria-label="icon: right" class="anticon anticon-right"><svg viewBox="64 64 896 896" data-icon="right" width="1em" height="1em" fill="currentColor" aria-hidden="true" focusable="false" class=""><path d="M765.7 486.8L314.9 134.7A7.97 7.97 0 0 0 302 141v77.3c0 4.9 2.3 9.6 6.1 12.6l360 281.1-360 281.1c-3.9 3-6.1 7.7-6.1 12.6V883c0 6.7 7.7 10.4 12.9 6.3l450.8-352.1a31.96 31.96 0 0 0 0-50.4z"></path></svg></i></span></li>
        <li role="menuitem" title="Jiangsu" class="ant-cascader-menu-item ant-cascader-menu-item-expand">Jiangsu<span class="ant-cascader-menu-item-expand-icon"><i aria-label="icon: right" class="anticon anticon-right"><svg viewBox="64 64 896 896" data-icon="right" width="1em" height="1em" fill="currentColor" aria-hidden="true" focusable="false" class=""><path d="M765.7 486.8L314.9 134.7A7.97 7.97 0 0 0 302 141v77.3c0 4.9 2.3 9.6 6.1 12.6l360 281.1-360 281.1c-3.9 3-6.1 7.7-6.1 12.6V883c0 6.7 7.7 10.4 12.9 6.3l450.8-352.1a31.96 31.96 0 0 0 0-50.4z"></path></svg></i></span></li>
      </ul>
      <ul class="ant-cascader-menu">
        <li role="menuitem" title="Hangzhou" class="ant-cascader-menu-item ant-cascader-menu-item-expand ant-cascader-menu-item-active">Hangzhou<span class="ant-cascader-menu-item-expand-icon"><i aria-label="icon: right" class="anticon anticon-right"><svg viewBox="64 64 896 896" data-icon="right" width="1em" height="1em" fill="currentColor" aria-hidden="true" focusable="false" class=""><path d="M765.7 486.8L314.9 134.7A7.97 7.97 0 0 0 302 141v77.3c0 4.9 2.3 9.6 6.1 12.6l360 281.1-360 281.1c-3.9 3-6.1 7.7-6.1 12.6V883c0 6.7 7.7 10.4 12.9 6.3l450.8-352.1a31.96 31.96 0 0 0 0-50.4z"></path></svg></i></span></li>
      </ul>
      <ul class="ant-cascader-menu">
        <li role="menuitem" title="West Lake" class="ant-cascader-menu-item">West Lake</li>
      </ul>
    </div>
  </div>
</div>
`;

exports[`Cascader can be selected 3`] = `
<div>
  <div class="ant-cascader-menus  ant-cascader-menus-placement-bottomLeft" style="display: none;">
    <div class="ant-cascader-menus-content">
      <ul class="ant-cascader-menu">
        <li role="menuitem" title="Zhejiang" class="ant-cascader-menu-item ant-cascader-menu-item-expand ant-cascader-menu-item-active">Zhejiang<span class="ant-cascader-menu-item-expand-icon"><i aria-label="icon: right" class="anticon anticon-right"><svg viewBox="64 64 896 896" data-icon="right" width="1em" height="1em" fill="currentColor" aria-hidden="true" focusable="false" class=""><path d="M765.7 486.8L314.9 134.7A7.97 7.97 0 0 0 302 141v77.3c0 4.9 2.3 9.6 6.1 12.6l360 281.1-360 281.1c-3.9 3-6.1 7.7-6.1 12.6V883c0 6.7 7.7 10.4 12.9 6.3l450.8-352.1a31.96 31.96 0 0 0 0-50.4z"></path></svg></i></span></li>
        <li role="menuitem" title="Jiangsu" class="ant-cascader-menu-item ant-cascader-menu-item-expand">Jiangsu<span class="ant-cascader-menu-item-expand-icon"><i aria-label="icon: right" class="anticon anticon-right"><svg viewBox="64 64 896 896" data-icon="right" width="1em" height="1em" fill="currentColor" aria-hidden="true" focusable="false" class=""><path d="M765.7 486.8L314.9 134.7A7.97 7.97 0 0 0 302 141v77.3c0 4.9 2.3 9.6 6.1 12.6l360 281.1-360 281.1c-3.9 3-6.1 7.7-6.1 12.6V883c0 6.7 7.7 10.4 12.9 6.3l450.8-352.1a31.96 31.96 0 0 0 0-50.4z"></path></svg></i></span></li>
      </ul>
      <ul class="ant-cascader-menu">
        <li role="menuitem" title="Hangzhou" class="ant-cascader-menu-item ant-cascader-menu-item-expand ant-cascader-menu-item-active">Hangzhou<span class="ant-cascader-menu-item-expand-icon"><i aria-label="icon: right" class="anticon anticon-right"><svg viewBox="64 64 896 896" data-icon="right" width="1em" height="1em" fill="currentColor" aria-hidden="true" focusable="false" class=""><path d="M765.7 486.8L314.9 134.7A7.97 7.97 0 0 0 302 141v77.3c0 4.9 2.3 9.6 6.1 12.6l360 281.1-360 281.1c-3.9 3-6.1 7.7-6.1 12.6V883c0 6.7 7.7 10.4 12.9 6.3l450.8-352.1a31.96 31.96 0 0 0 0-50.4z"></path></svg></i></span></li>
      </ul>
      <ul class="ant-cascader-menu">
        <li role="menuitem" title="West Lake" class="ant-cascader-menu-item ant-cascader-menu-item-active">West Lake</li>
      </ul>
    </div>
  </div>
</div>
`;

exports[`Cascader popup correctly when panel is hidden 1`] = `
<div>
  <div class="ant-cascader-menus  ant-cascader-menus-empty ant-cascader-menus-placement-bottomLeft" style="display: none;">
    <div class="ant-cascader-menus-content"></div>
  </div>
</div>
`;

exports[`Cascader popup correctly when panel is open 1`] = `
<div>
  <div class="ant-cascader-menus  ant-cascader-menus-placement-bottomLeft" style="left: -999px; top: -995px;">
    <div class="ant-cascader-menus-content">
      <ul class="ant-cascader-menu">
        <li role="menuitem" title="Zhejiang" class="ant-cascader-menu-item ant-cascader-menu-item-expand">Zhejiang<span class="ant-cascader-menu-item-expand-icon"><i aria-label="icon: right" class="anticon anticon-right"><svg viewBox="64 64 896 896" data-icon="right" width="1em" height="1em" fill="currentColor" aria-hidden="true" focusable="false" class=""><path d="M765.7 486.8L314.9 134.7A7.97 7.97 0 0 0 302 141v77.3c0 4.9 2.3 9.6 6.1 12.6l360 281.1-360 281.1c-3.9 3-6.1 7.7-6.1 12.6V883c0 6.7 7.7 10.4 12.9 6.3l450.8-352.1a31.96 31.96 0 0 0 0-50.4z"></path></svg></i></span></li>
        <li role="menuitem" title="Jiangsu" class="ant-cascader-menu-item ant-cascader-menu-item-expand">Jiangsu<span class="ant-cascader-menu-item-expand-icon"><i aria-label="icon: right" class="anticon anticon-right"><svg viewBox="64 64 896 896" data-icon="right" width="1em" height="1em" fill="currentColor" aria-hidden="true" focusable="false" class=""><path d="M765.7 486.8L314.9 134.7A7.97 7.97 0 0 0 302 141v77.3c0 4.9 2.3 9.6 6.1 12.6l360 281.1-360 281.1c-3.9 3-6.1 7.7-6.1 12.6V883c0 6.7 7.7 10.4 12.9 6.3l450.8-352.1a31.96 31.96 0 0 0 0-50.4z"></path></svg></i></span></li>
      </ul>
    </div>
  </div>
</div>
`;

exports[`Cascader popup correctly with defaultValue 1`] = `
<div>
  <div class="ant-cascader-menus  ant-cascader-menus-placement-bottomLeft" style="left: -999px; top: -995px;">
    <div class="ant-cascader-menus-content">
      <ul class="ant-cascader-menu">
        <li role="menuitem" title="Zhejiang" class="ant-cascader-menu-item ant-cascader-menu-item-expand ant-cascader-menu-item-active">Zhejiang<span class="ant-cascader-menu-item-expand-icon"><i aria-label="icon: right" class="anticon anticon-right"><svg viewBox="64 64 896 896" data-icon="right" width="1em" height="1em" fill="currentColor" aria-hidden="true" focusable="false" class=""><path d="M765.7 486.8L314.9 134.7A7.97 7.97 0 0 0 302 141v77.3c0 4.9 2.3 9.6 6.1 12.6l360 281.1-360 281.1c-3.9 3-6.1 7.7-6.1 12.6V883c0 6.7 7.7 10.4 12.9 6.3l450.8-352.1a31.96 31.96 0 0 0 0-50.4z"></path></svg></i></span></li>
        <li role="menuitem" title="Jiangsu" class="ant-cascader-menu-item ant-cascader-menu-item-expand">Jiangsu<span class="ant-cascader-menu-item-expand-icon"><i aria-label="icon: right" class="anticon anticon-right"><svg viewBox="64 64 896 896" data-icon="right" width="1em" height="1em" fill="currentColor" aria-hidden="true" focusable="false" class=""><path d="M765.7 486.8L314.9 134.7A7.97 7.97 0 0 0 302 141v77.3c0 4.9 2.3 9.6 6.1 12.6l360 281.1-360 281.1c-3.9 3-6.1 7.7-6.1 12.6V883c0 6.7 7.7 10.4 12.9 6.3l450.8-352.1a31.96 31.96 0 0 0 0-50.4z"></path></svg></i></span></li>
      </ul>
      <ul class="ant-cascader-menu">
        <li role="menuitem" title="Hangzhou" class="ant-cascader-menu-item ant-cascader-menu-item-expand ant-cascader-menu-item-active">Hangzhou<span class="ant-cascader-menu-item-expand-icon"><i aria-label="icon: right" class="anticon anticon-right"><svg viewBox="64 64 896 896" data-icon="right" width="1em" height="1em" fill="currentColor" aria-hidden="true" focusable="false" class=""><path d="M765.7 486.8L314.9 134.7A7.97 7.97 0 0 0 302 141v77.3c0 4.9 2.3 9.6 6.1 12.6l360 281.1-360 281.1c-3.9 3-6.1 7.7-6.1 12.6V883c0 6.7 7.7 10.4 12.9 6.3l450.8-352.1a31.96 31.96 0 0 0 0-50.4z"></path></svg></i></span></li>
      </ul>
      <ul class="ant-cascader-menu">
        <li role="menuitem" title="West Lake" class="ant-cascader-menu-item">West Lake</li>
      </ul>
    </div>
  </div>
</div>
`;

exports[`Cascader support controlled mode 1`] = `
<span tabindex="0" class="ant-cascader-picker"><input type="text" readonly="true" class="ant-input ant-cascader-input "><span class="ant-cascader-picker-label">Zhejiang / Hangzhou / West Lake</span><i aria-label="icon: close-circle" tabindex="-1" class="ant-cascader-picker-clear anticon anticon-close-circle"><svg viewBox="64 64 896 896" data-icon="close-circle" width="1em" height="1em" fill="currentColor" aria-hidden="true" focusable="false" class="">
    <path d="M512 64C264.6 64 64 264.6 64 512s200.6 448 448 448 448-200.6 448-448S759.4 64 512 64zm165.4 618.2l-66-.3L512 563.4l-99.3 118.4-66.1.3c-4.4 0-8-3.5-8-8 0-1.9.7-3.7 1.9-5.2l130.1-155L340.5 359a8.32 8.32 0 0 1-1.9-5.2c0-4.4 3.6-8 8-8l66.1.3L512 464.6l99.3-118.4 66-.3c4.4 0 8 3.5 8 8 0 1.9-.7 3.7-1.9 5.2L553.5 514l130 155c1.2 1.5 1.9 3.3 1.9 5.2 0 4.4-3.6 8-8 8z"></path>
  </svg></i><i aria-label="icon: down" class="ant-cascader-picker-arrow anticon anticon-down"><svg viewBox="64 64 896 896" data-icon="down" width="1em" height="1em" fill="currentColor" aria-hidden="true" focusable="false" class="">
    <path d="M884 256h-75c-5.1 0-9.9 2.5-12.9 6.6L512 654.2 227.9 262.6c-3-4.1-7.8-6.6-12.9-6.6h-75c-6.5 0-10.3 7.4-6.5 12.7l352.6 486.1c12.8 17.6 39 17.6 51.7 0l352.6-486.1c3.9-5.3.1-12.7-6.4-12.7z"></path>
  </svg></i></span>
`;
