// Jest Snapshot v1, https://goo.gl/fbAQLP

exports[`renders ./components/message/demo/duration.md correctly 1`] = `<button type="button" class="ant-btn"><span>Customized display duration</span></button>`;

exports[`renders ./components/message/demo/info.md correctly 1`] = `<button type="button" class="ant-btn ant-btn-primary"><span>Display normal message</span></button>`;

exports[`renders ./components/message/demo/loading.md correctly 1`] = `<button type="button" class="ant-btn"><span>Display a loading indicator</span></button>`;

exports[`renders ./components/message/demo/other.md correctly 1`] = `<div><button type="button" class="ant-btn"><span>Success</span></button> <button type="button" class="ant-btn"><span>Error</span></button> <button type="button" class="ant-btn"><span>Warning</span></button></div>`;

exports[`renders ./components/message/demo/thenable.md correctly 1`] = `<button type="button" class="ant-btn"><span>Display a sequence of message</span></button>`;
