// Jest Snapshot v1, https://goo.gl/fbAQLP

exports[`renders ./components/badge/demo/basic.md correctly 1`] = `<div><span class="ant-badge"><a href="#" class="head-example"></a><sup title="5" class="ant-scroll-number ant-badge-count ant-badge-zoom-enter" data-show="true"><span class="ant-scroll-number-only" style="transition: none; transform: translateY(-1500%);"><p class="">0</p><p class="">1</p><p class="">2</p><p class="">3</p><p class="">4</p><p class="">5</p><p class="">6</p><p class="">7</p><p class="">8</p><p class="">9</p><p class="">0</p><p class="">1</p><p class="">2</p><p class="">3</p><p class="">4</p><p class="current">5</p><p class="">6</p><p class="">7</p><p class="">8</p><p class="">9</p><p class="">0</p><p class="">1</p><p class="">2</p><p class="">3</p><p class="">4</p><p class="">5</p><p class="">6</p><p class="">7</p><p class="">8</p><p class="">9</p></span></sup></span> <span class="ant-badge"><a href="#" class="head-example"></a><sup title="0" class="ant-scroll-number ant-badge-count ant-badge-zoom-enter" data-show="true"><span class="ant-scroll-number-only" style="transition: none; transform: translateY(-1000%);"><p class="">0</p><p class="">1</p><p class="">2</p><p class="">3</p><p class="">4</p><p class="">5</p><p class="">6</p><p class="">7</p><p class="">8</p><p class="">9</p><p class="current">0</p><p class="">1</p><p class="">2</p><p class="">3</p><p class="">4</p><p class="">5</p><p class="">6</p><p class="">7</p><p class="">8</p><p class="">9</p><p class="">0</p><p class="">1</p><p class="">2</p><p class="">3</p><p class="">4</p><p class="">5</p><p class="">6</p><p class="">7</p><p class="">8</p><p class="">9</p></span></sup></span> <span class="ant-badge"><a href="#" class="head-example"></a><i slot="count" aria-label="icon: clock-circle" class="anticon anticon-clock-circle ant-scroll-number-custom-component ant-badge-zoom-enter" style="color: rgb(245, 34, 45);" data-show="true"><svg viewBox="64 64 896 896" data-icon="clock-circle" width="1em" height="1em" fill="currentColor" aria-hidden="true" focusable="false" class=""><path d="M512 64C264.6 64 64 264.6 64 512s200.6 448 448 448 448-200.6 448-448S759.4 64 512 64zm0 820c-205.4 0-372-166.6-372-372s166.6-372 372-372 372 166.6 372 372-166.6 372-372 372z"></path><path d="M686.7 638.6L544.1 535.5V288c0-4.4-3.6-8-8-8H488c-4.4 0-8 3.6-8 8v275.4c0 2.6 1.2 5 3.3 6.5l165.4 120.6c3.6 2.6 8.6 1.8 11.2-1.7l28.6-39c2.6-3.7 1.8-8.7-1.8-11.2z"></path></svg></i></span></div>`;

exports[`renders ./components/badge/demo/change.md correctly 1`] = `
<div>
  <div><span class="ant-badge"><a href="#" class="head-example"></a><sup title="5" class="ant-scroll-number ant-badge-count ant-badge-zoom-enter" data-show="true"><span class="ant-scroll-number-only" style="transition: none; transform: translateY(-1500%);"><p class="">0</p><p class="">1</p><p class="">2</p><p class="">3</p><p class="">4</p><p class="">5</p><p class="">6</p><p class="">7</p><p class="">8</p><p class="">9</p><p class="">0</p><p class="">1</p><p class="">2</p><p class="">3</p><p class="">4</p><p class="current">5</p><p class="">6</p><p class="">7</p><p class="">8</p><p class="">9</p><p class="">0</p><p class="">1</p><p class="">2</p><p class="">3</p><p class="">4</p><p class="">5</p><p class="">6</p><p class="">7</p><p class="">8</p><p class="">9</p></span></sup></span>
    <div class="ant-btn-group"><button type="button" class="ant-btn"><i aria-label="icon: minus" class="anticon anticon-minus"><svg viewBox="64 64 896 896" data-icon="minus" width="1em" height="1em" fill="currentColor" aria-hidden="true" focusable="false" class="">
            <path d="M872 474H152c-4.4 0-8 3.6-8 8v60c0 4.4 3.6 8 8 8h720c4.4 0 8-3.6 8-8v-60c0-4.4-3.6-8-8-8z"></path>
          </svg></i></button><button type="button" class="ant-btn"><i aria-label="icon: plus" class="anticon anticon-plus"><svg viewBox="64 64 896 896" data-icon="plus" width="1em" height="1em" fill="currentColor" aria-hidden="true" focusable="false" class="">
            <path d="M482 152h60q8 0 8 8v704q0 8-8 8h-60q-8 0-8-8V160q0-8 8-8z"></path>
            <path d="M176 474h672q8 0 8 8v60q0 8-8 8H176q-8 0-8-8v-60q0-8 8-8z"></path>
          </svg></i></button></div>
  </div>
  <div style="margin-top: 10px;"><span class="ant-badge"><a href="#" class="head-example"></a><sup class="ant-scroll-number ant-badge-dot ant-badge-zoom-enter" data-show="true"></sup></span> <button type="button" role="switch" aria-checked="true" class="ant-switch ant-switch-checked"><span class="ant-switch-inner"></span></button></div>
</div>
`;

exports[`renders ./components/badge/demo/dot.md correctly 1`] = `<div id="components-badge-demo-dot"><span class="ant-badge"><i aria-label="icon: notification" class="anticon anticon-notification"><svg viewBox="64 64 896 896" data-icon="notification" width="1em" height="1em" fill="currentColor" aria-hidden="true" focusable="false" class=""><path d="M880 112c-3.8 0-7.7.7-11.6 2.3L292 345.9H128c-8.8 0-16 7.4-16 16.6v299c0 9.2 7.2 16.6 16 16.6h101.7c-3.7 11.6-5.7 23.9-5.7 36.4 0 65.9 53.8 119.5 120 119.5 55.4 0 102.1-37.6 115.9-88.4l408.6 164.2c3.9 1.5 7.8 2.3 11.6 2.3 16.9 0 32-14.2 32-33.2V145.2C912 126.2 897 112 880 112zM344 762.3c-26.5 0-48-21.4-48-47.8 0-11.2 3.9-21.9 11-30.4l84.9 34.1c-2 24.6-22.7 44.1-47.9 44.1zm496 58.4L318.8 611.3l-12.9-5.2H184V417.9h121.9l12.9-5.2L840 203.3v617.4z"></path></svg></i><sup class="ant-scroll-number ant-badge-dot ant-badge-zoom-enter" data-show="true"></sup></span> <span class="ant-badge"><i aria-label="icon: notification" class="anticon anticon-notification"><svg viewBox="64 64 896 896" data-icon="notification" width="1em" height="1em" fill="currentColor" aria-hidden="true" focusable="false" class=""><path d="M880 112c-3.8 0-7.7.7-11.6 2.3L292 345.9H128c-8.8 0-16 7.4-16 16.6v299c0 9.2 7.2 16.6 16 16.6h101.7c-3.7 11.6-5.7 23.9-5.7 36.4 0 65.9 53.8 119.5 120 119.5 55.4 0 102.1-37.6 115.9-88.4l408.6 164.2c3.9 1.5 7.8 2.3 11.6 2.3 16.9 0 32-14.2 32-33.2V145.2C912 126.2 897 112 880 112zM344 762.3c-26.5 0-48-21.4-48-47.8 0-11.2 3.9-21.9 11-30.4l84.9 34.1c-2 24.6-22.7 44.1-47.9 44.1zm496 58.4L318.8 611.3l-12.9-5.2H184V417.9h121.9l12.9-5.2L840 203.3v617.4z"></path></svg></i><!----></span> <span class="ant-badge"><a href="#">Link something</a><sup class="ant-scroll-number ant-badge-dot ant-badge-zoom-enter" data-show="true"></sup></span></div>`;

exports[`renders ./components/badge/demo/link.md correctly 1`] = `<a href="#"><span class="ant-badge"><span class="head-example"></span><sup title="5" class="ant-scroll-number ant-badge-count ant-badge-zoom-enter" data-show="true"><span class="ant-scroll-number-only" style="transition: none; transform: translateY(-1500%);"><p class="">0</p><p class="">1</p><p class="">2</p><p class="">3</p><p class="">4</p><p class="">5</p><p class="">6</p><p class="">7</p><p class="">8</p><p class="">9</p><p class="">0</p><p class="">1</p><p class="">2</p><p class="">3</p><p class="">4</p><p class="current">5</p><p class="">6</p><p class="">7</p><p class="">8</p><p class="">9</p><p class="">0</p><p class="">1</p><p class="">2</p><p class="">3</p><p class="">4</p><p class="">5</p><p class="">6</p><p class="">7</p><p class="">8</p><p class="">9</p></span></sup></span></a>`;

exports[`renders ./components/badge/demo/no-wrapper.md correctly 1`] = `<div><span class="ant-badge ant-badge-not-a-wrapper"><sup title="25" class="ant-scroll-number ant-badge-count ant-badge-multiple-words -enter" data-show="true"><span class="ant-scroll-number-only" style="transition: none; transform: translateY(-1200%);"><p class="">0</p><p class="">1</p><p class="">2</p><p class="">3</p><p class="">4</p><p class="">5</p><p class="">6</p><p class="">7</p><p class="">8</p><p class="">9</p><p class="">0</p><p class="">1</p><p class="current">2</p><p class="">3</p><p class="">4</p><p class="">5</p><p class="">6</p><p class="">7</p><p class="">8</p><p class="">9</p><p class="">0</p><p class="">1</p><p class="">2</p><p class="">3</p><p class="">4</p><p class="">5</p><p class="">6</p><p class="">7</p><p class="">8</p><p class="">9</p></span><span class="ant-scroll-number-only" style="transition: none; transform: translateY(-1500%);"><p class="">0</p><p class="">1</p><p class="">2</p><p class="">3</p><p class="">4</p><p class="">5</p><p class="">6</p><p class="">7</p><p class="">8</p><p class="">9</p><p class="">0</p><p class="">1</p><p class="">2</p><p class="">3</p><p class="">4</p><p class="current">5</p><p class="">6</p><p class="">7</p><p class="">8</p><p class="">9</p><p class="">0</p><p class="">1</p><p class="">2</p><p class="">3</p><p class="">4</p><p class="">5</p><p class="">6</p><p class="">7</p><p class="">8</p><p class="">9</p></span></sup></span> <span class="ant-badge ant-badge-not-a-wrapper"><sup title="4" class="ant-scroll-number ant-badge-count -enter" style="background-color: rgb(255, 255, 255); color: rgb(153, 153, 153); box-shadow: 0 0 0 1px #d9d9d9 inset;" data-show="true"><span class="ant-scroll-number-only" style="transition: none; transform: translateY(-1400%);"><p class="">0</p><p class="">1</p><p class="">2</p><p class="">3</p><p class="">4</p><p class="">5</p><p class="">6</p><p class="">7</p><p class="">8</p><p class="">9</p><p class="">0</p><p class="">1</p><p class="">2</p><p class="">3</p><p class="current">4</p><p class="">5</p><p class="">6</p><p class="">7</p><p class="">8</p><p class="">9</p><p class="">0</p><p class="">1</p><p class="">2</p><p class="">3</p><p class="">4</p><p class="">5</p><p class="">6</p><p class="">7</p><p class="">8</p><p class="">9</p></span></sup></span> <span class="ant-badge ant-badge-not-a-wrapper"><sup title="109" class="ant-scroll-number ant-badge-count ant-badge-multiple-words -enter" style="background-color: rgb(82, 196, 26);" data-show="true">99+</sup></span></div>`;

exports[`renders ./components/badge/demo/overflow.md correctly 1`] = `<div><span class="ant-badge"><a href="#" class="head-example"></a><sup title="99" class="ant-scroll-number ant-badge-count ant-badge-multiple-words ant-badge-zoom-enter" data-show="true"><span class="ant-scroll-number-only" style="transition: none; transform: translateY(-1900%);"><p class="">0</p><p class="">1</p><p class="">2</p><p class="">3</p><p class="">4</p><p class="">5</p><p class="">6</p><p class="">7</p><p class="">8</p><p class="">9</p><p class="">0</p><p class="">1</p><p class="">2</p><p class="">3</p><p class="">4</p><p class="">5</p><p class="">6</p><p class="">7</p><p class="">8</p><p class="current">9</p><p class="">0</p><p class="">1</p><p class="">2</p><p class="">3</p><p class="">4</p><p class="">5</p><p class="">6</p><p class="">7</p><p class="">8</p><p class="">9</p></span><span class="ant-scroll-number-only" style="transition: none; transform: translateY(-1900%);"><p class="">0</p><p class="">1</p><p class="">2</p><p class="">3</p><p class="">4</p><p class="">5</p><p class="">6</p><p class="">7</p><p class="">8</p><p class="">9</p><p class="">0</p><p class="">1</p><p class="">2</p><p class="">3</p><p class="">4</p><p class="">5</p><p class="">6</p><p class="">7</p><p class="">8</p><p class="current">9</p><p class="">0</p><p class="">1</p><p class="">2</p><p class="">3</p><p class="">4</p><p class="">5</p><p class="">6</p><p class="">7</p><p class="">8</p><p class="">9</p></span></sup></span> <span class="ant-badge"><a href="#" class="head-example"></a><sup title="100" class="ant-scroll-number ant-badge-count ant-badge-multiple-words ant-badge-zoom-enter" data-show="true">99+</sup></span> <span class="ant-badge"><a href="#" class="head-example"></a><sup title="99" class="ant-scroll-number ant-badge-count ant-badge-multiple-words ant-badge-zoom-enter" data-show="true">10+</sup></span> <span class="ant-badge"><a href="#" class="head-example"></a><sup title="1000" class="ant-scroll-number ant-badge-count ant-badge-multiple-words ant-badge-zoom-enter" data-show="true">999+</sup></span></div>`;

exports[`renders ./components/badge/demo/status.md correctly 1`] = `<div><span class="ant-badge ant-badge-status ant-badge-not-a-wrapper"><span class="ant-badge-status-dot ant-badge-status-success"></span><span class="ant-badge-status-text"></span></span> <span class="ant-badge ant-badge-status ant-badge-not-a-wrapper"><span class="ant-badge-status-dot ant-badge-status-error"></span><span class="ant-badge-status-text"></span></span> <span class="ant-badge ant-badge-status ant-badge-not-a-wrapper"><span class="ant-badge-status-dot ant-badge-status-default"></span><span class="ant-badge-status-text"></span></span> <span class="ant-badge ant-badge-status ant-badge-not-a-wrapper"><span class="ant-badge-status-dot ant-badge-status-processing"></span><span class="ant-badge-status-text"></span></span> <span class="ant-badge ant-badge-status ant-badge-not-a-wrapper"><span class="ant-badge-status-dot ant-badge-status-warning"></span><span class="ant-badge-status-text"></span></span> <br> <span class="ant-badge ant-badge-status ant-badge-not-a-wrapper"><span class="ant-badge-status-dot ant-badge-status-success"></span><span class="ant-badge-status-text">Success</span></span> <br> <span class="ant-badge ant-badge-status ant-badge-not-a-wrapper"><span class="ant-badge-status-dot ant-badge-status-error"></span><span class="ant-badge-status-text">Error</span></span> <br> <span class="ant-badge ant-badge-status ant-badge-not-a-wrapper"><span class="ant-badge-status-dot ant-badge-status-default"></span><span class="ant-badge-status-text">Default</span></span> <br> <span class="ant-badge ant-badge-status ant-badge-not-a-wrapper"><span class="ant-badge-status-dot ant-badge-status-processing"></span><span class="ant-badge-status-text">Processing</span></span> <br> <span class="ant-badge ant-badge-status ant-badge-not-a-wrapper"><span class="ant-badge-status-dot ant-badge-status-warning"></span><span class="ant-badge-status-text">warning</span></span></div>`;

exports[`renders ./components/badge/demo/title.md correctly 1`] = `<div id="components-badge-demo-title"><span class="ant-badge"><a href="#" class="head-example"></a><sup title="Custom hover text" class="ant-scroll-number ant-badge-count ant-badge-zoom-enter" data-show="true"><span class="ant-scroll-number-only" style="transition: none; transform: translateY(-1500%);"><p class="">0</p><p class="">1</p><p class="">2</p><p class="">3</p><p class="">4</p><p class="">5</p><p class="">6</p><p class="">7</p><p class="">8</p><p class="">9</p><p class="">0</p><p class="">1</p><p class="">2</p><p class="">3</p><p class="">4</p><p class="current">5</p><p class="">6</p><p class="">7</p><p class="">8</p><p class="">9</p><p class="">0</p><p class="">1</p><p class="">2</p><p class="">3</p><p class="">4</p><p class="">5</p><p class="">6</p><p class="">7</p><p class="">8</p><p class="">9</p></span></sup></span></div>`;
