// Jest Snapshot v1, https://goo.gl/fbAQLP

exports[`renders ./antdv-demo/docs/button/demo/basic.md correctly 1`] = `
<button class="ant-btn ant-btn-primary" type="button">
  <!----><span>Primary</span>
</button><button class="ant-btn" type="button">
  <!----><span>Default</span>
</button><button class="ant-btn ant-btn-dashed" type="button">
  <!----><span>Dashed</span>
</button><button class="ant-btn ant-btn-danger" type="button">
  <!----><span>Danger</span>
</button><button class="ant-btn ant-btn-primary" type="button">
  <!----><span>按钮</span>
</button><button class="ant-btn ant-btn-primary" type="button">
  <!----><span>按 钮</span>
</button><button class="ant-btn ant-btn-link" type="button">
  <!----><span>Link</span>
</button>
`;

exports[`renders ./antdv-demo/docs/button/demo/block.md correctly 1`] = `
<button class="ant-btn ant-btn-primary ant-btn-block" type="button">
  <!----><span>Primary</span>
</button><button class="ant-btn ant-btn-block" type="button">
  <!----><span>Default</span>
</button><button class="ant-btn ant-btn-dashed ant-btn-block" type="button">
  <!----><span>Dashed</span>
</button><button class="ant-btn ant-btn-danger ant-btn-block" type="button">
  <!----><span>Danger</span>
</button><button class="ant-btn ant-btn-link ant-btn-block" type="button">
  <!----><span>Link</span>
</button>
`;

exports[`renders ./antdv-demo/docs/button/demo/button-group.md correctly 1`] = `
<div id="components-button-demo-button-group">
  <h4>Basic</h4>
  <div class="ant-btn-group"><button class="ant-btn" type="button">
      <!----><span>Cancel</span>
    </button><button class="ant-btn ant-btn-primary" type="button">
      <!----><span>OK</span>
    </button></div>
  <div class="ant-btn-group"><button disabled="" class="ant-btn" type="button">
      <!----><span>L</span>
    </button><button disabled="" class="ant-btn" type="button">
      <!----><span>M</span>
    </button><button disabled="" class="ant-btn" type="button">
      <!----><span>R</span>
    </button></div>
  <div class="ant-btn-group"><button class="ant-btn ant-btn-primary" type="button">
      <!----><span>L</span>
    </button><button class="ant-btn" type="button">
      <!----><span>M</span>
    </button><button class="ant-btn" type="button">
      <!----><span>M</span>
    </button><button class="ant-btn ant-btn-dashed" type="button">
      <!----><span>R</span>
    </button></div>
  <h4>With Icon</h4>
  <div class="ant-btn-group"><button class="ant-btn ant-btn-primary" type="button">
      <!----><span role="img" aria-label="left" class="anticon anticon-left"><svg class="" data-icon="left" width="1em" height="1em" fill="currentColor" aria-hidden="true" viewBox="64 64 896 896" focusable="false"><path d="M724 218.3V141c0-6.7-7.7-10.4-12.9-6.3L260.3 486.8a31.86 31.86 0 000 50.3l450.8 352.1c5.3 4.1 12.9.4 12.9-6.3v-77.3c0-4.9-2.3-9.6-6.1-12.6l-360-281 360-281.1c3.8-3 6.1-7.7 6.1-12.6z"></path></svg></span><span>Go back</span>
    </button><button class="ant-btn ant-btn-primary" type="button">
      <!----><span>Go forward</span><span role="img" aria-label="right" class="anticon anticon-right"><svg class="" data-icon="right" width="1em" height="1em" fill="currentColor" aria-hidden="true" viewBox="64 64 896 896" focusable="false"><path d="M765.7 486.8L314.9 134.7A7.97 7.97 0 00302 141v77.3c0 4.9 2.3 9.6 6.1 12.6l360 281.1-360 281.1c-3.9 3-6.1 7.7-6.1 12.6V883c0 6.7 7.7 10.4 12.9 6.3l450.8-352.1a31.96 31.96 0 000-50.4z"></path></svg></span>
    </button></div>
  <div class="ant-btn-group"><button class="ant-btn ant-btn-primary ant-btn-icon-only" type="button"><span role="img" aria-label="cloud" class="anticon anticon-cloud"><svg class="" data-icon="cloud" width="1em" height="1em" fill="currentColor" aria-hidden="true" viewBox="64 64 896 896" focusable="false"><path d="M811.4 418.7C765.6 297.9 648.9 212 512.2 212S258.8 297.8 213 418.6C127.3 441.1 64 519.1 64 612c0 110.5 89.5 200 199.9 200h496.2C870.5 812 960 722.5 960 612c0-92.7-63.1-170.7-148.6-193.3zm36.3 281a123.07 123.07 0 01-87.6 36.3H263.9c-33.1 0-64.2-12.9-87.6-36.3A123.3 123.3 0 01140 612c0-28 9.1-54.3 26.2-76.3a125.7 125.7 0 0166.1-43.7l37.9-9.9 13.9-36.6c8.6-22.8 20.6-44.1 35.7-63.4a245.6 245.6 0 0152.4-49.9c41.1-28.9 89.5-44.2 140-44.2s98.9 15.3 140 44.2c19.9 14 37.5 30.8 52.4 49.9 15.1 19.3 27.1 40.7 35.7 63.4l13.8 36.5 37.8 10c54.3 14.5 92.1 63.8 92.1 120 0 33.1-12.9 64.3-36.3 87.7z"></path></svg></span></button><button class="ant-btn ant-btn-primary ant-btn-icon-only" type="button"><span role="img" aria-label="cloud-download" class="anticon anticon-cloud-download"><svg class="" data-icon="cloud-download" width="1em" height="1em" fill="currentColor" aria-hidden="true" viewBox="64 64 896 896" focusable="false"><path d="M624 706.3h-74.1V464c0-4.4-3.6-8-8-8h-60c-4.4 0-8 3.6-8 8v242.3H400c-6.7 0-10.4 7.7-6.3 12.9l112 141.7a8 8 0 0012.6 0l112-141.7c4.1-5.2.4-12.9-6.3-12.9z"></path><path d="M811.4 366.7C765.6 245.9 648.9 160 512.2 160S258.8 245.8 213 366.6C127.3 389.1 64 467.2 64 560c0 110.5 89.5 200 199.9 200H304c4.4 0 8-3.6 8-8v-60c0-4.4-3.6-8-8-8h-40.1c-33.7 0-65.4-13.4-89-37.7-23.5-24.2-36-56.8-34.9-90.6.9-26.4 9.9-51.2 26.2-72.1 16.7-21.3 40.1-36.8 66.1-43.7l37.9-9.9 13.9-36.6c8.6-22.8 20.6-44.1 35.7-63.4a245.6 245.6 0 0152.4-49.9c41.1-28.9 89.5-44.2 140-44.2s98.9 15.3 140 44.2c19.9 14 37.5 30.8 52.4 49.9 15.1 19.3 27.1 40.7 35.7 63.4l13.8 36.5 37.8 10C846.1 454.5 884 503.8 884 560c0 33.1-12.9 64.3-36.3 87.7a123.07 123.07 0 01-87.6 36.3H720c-4.4 0-8 3.6-8 8v60c0 4.4 3.6 8 8 8h40.1C870.5 760 960 670.5 960 560c0-92.7-63.1-170.7-148.6-193.3z"></path></svg></span></button></div>
</div>
`;

exports[`renders ./antdv-demo/docs/button/demo/disabled.md correctly 1`] = `
<button class="ant-btn ant-btn-primary" type="button">
  <!----><span>Primary</span>
</button><button disabled="" class="ant-btn ant-btn-primary" type="button">
  <!----><span>Primary(disabled)</span>
</button><br><button class="ant-btn" type="button">
  <!----><span>Default</span>
</button><button disabled="" class="ant-btn" type="button">
  <!----><span>Default(disabled)</span>
</button><br><button class="ant-btn ant-btn-dashed" type="button">
  <!----><span>Dashed</span>
</button><button disabled="" class="ant-btn ant-btn-dashed" type="button">
  <!----><span>Dashed(disabled)</span>
</button><br><button class="ant-btn ant-btn-link" type="button">
  <!----><span>Link</span>
</button><button disabled="" class="ant-btn ant-btn-link" type="button">
  <!----><span>Link(disabled)</span>
</button>
<div style="padding: 8px 8px 0px 8px; background: rgb(190, 200, 200);"><button class="ant-btn ant-btn-background-ghost" type="button">
    <!----><span>Ghost</span>
  </button><button disabled="" class="ant-btn ant-btn-background-ghost" type="button">
    <!----><span>Ghost(disabled)</span>
  </button></div>
`;

exports[`renders ./antdv-demo/docs/button/demo/ghost.md correctly 1`] = `
<div style="background: rgb(190, 200, 200); padding: 26px 16px 16px;"><button class="ant-btn ant-btn-primary ant-btn-background-ghost" type="button">
    <!----><span>Primary</span>
  </button><button class="ant-btn ant-btn-background-ghost" type="button">
    <!----><span>Default</span>
  </button><button class="ant-btn ant-btn-dashed ant-btn-background-ghost" type="button">
    <!----><span>Dashed</span>
  </button><button class="ant-btn ant-btn-danger ant-btn-background-ghost" type="button">
    <!----><span>Danger</span>
  </button><button class="ant-btn ant-btn-link ant-btn-background-ghost" type="button">
    <!----><span>Link</span>
  </button></div>
`;

exports[`renders ./antdv-demo/docs/button/demo/icon.md correctly 1`] = `
<button class="ant-btn ant-btn-primary ant-btn-circle ant-btn-icon-only" type="button"><span role="img" aria-label="search" class="anticon anticon-search"><svg class="" data-icon="search" width="1em" height="1em" fill="currentColor" aria-hidden="true" viewBox="64 64 896 896" focusable="false"><path d="M909.6 854.5L649.9 594.8C690.2 542.7 712 479 712 412c0-80.2-31.3-155.4-87.9-212.1-56.6-56.7-132-87.9-212.1-87.9s-155.5 31.3-212.1 87.9C143.2 256.5 112 331.8 112 412c0 80.1 31.3 155.5 87.9 212.1C256.5 680.8 331.8 712 412 712c67 0 130.6-21.8 182.7-62l259.7 259.6a8.2 8.2 0 0011.6 0l43.6-43.5a8.2 8.2 0 000-11.6zM570.4 570.4C528 612.7 471.8 636 412 636s-116-23.3-158.4-65.6C211.3 528 188 471.8 188 412s23.3-116.1 65.6-158.4C296 211.3 352.2 188 412 188s116.1 23.2 158.4 65.6S636 352.2 636 412s-23.3 116.1-65.6 158.4z"></path></svg></span></button><button class="ant-btn ant-btn-primary ant-btn-circle" type="button">
  <!----><span>A</span>
</button><button class="ant-btn ant-btn-primary" type="button"><span role="img" aria-label="search" class="anticon anticon-search"><svg class="" data-icon="search" width="1em" height="1em" fill="currentColor" aria-hidden="true" viewBox="64 64 896 896" focusable="false"><path d="M909.6 854.5L649.9 594.8C690.2 542.7 712 479 712 412c0-80.2-31.3-155.4-87.9-212.1-56.6-56.7-132-87.9-212.1-87.9s-155.5 31.3-212.1 87.9C143.2 256.5 112 331.8 112 412c0 80.1 31.3 155.5 87.9 212.1C256.5 680.8 331.8 712 412 712c67 0 130.6-21.8 182.7-62l259.7 259.6a8.2 8.2 0 0011.6 0l43.6-43.5a8.2 8.2 0 000-11.6zM570.4 570.4C528 612.7 471.8 636 412 636s-116-23.3-158.4-65.6C211.3 528 188 471.8 188 412s23.3-116.1 65.6-158.4C296 211.3 352.2 188 412 188s116.1 23.2 158.4 65.6S636 352.2 636 412s-23.3 116.1-65.6 158.4z"></path></svg></span><span>Search</span></button><button class="ant-btn ant-btn-circle ant-btn-icon-only" type="button"><span role="img" aria-label="search" class="anticon anticon-search"><svg class="" data-icon="search" width="1em" height="1em" fill="currentColor" aria-hidden="true" viewBox="64 64 896 896" focusable="false"><path d="M909.6 854.5L649.9 594.8C690.2 542.7 712 479 712 412c0-80.2-31.3-155.4-87.9-212.1-56.6-56.7-132-87.9-212.1-87.9s-155.5 31.3-212.1 87.9C143.2 256.5 112 331.8 112 412c0 80.1 31.3 155.5 87.9 212.1C256.5 680.8 331.8 712 412 712c67 0 130.6-21.8 182.7-62l259.7 259.6a8.2 8.2 0 0011.6 0l43.6-43.5a8.2 8.2 0 000-11.6zM570.4 570.4C528 612.7 471.8 636 412 636s-116-23.3-158.4-65.6C211.3 528 188 471.8 188 412s23.3-116.1 65.6-158.4C296 211.3 352.2 188 412 188s116.1 23.2 158.4 65.6S636 352.2 636 412s-23.3 116.1-65.6 158.4z"></path></svg></span></button><button class="ant-btn" type="button"><span role="img" aria-label="search" class="anticon anticon-search"><svg class="" data-icon="search" width="1em" height="1em" fill="currentColor" aria-hidden="true" viewBox="64 64 896 896" focusable="false"><path d="M909.6 854.5L649.9 594.8C690.2 542.7 712 479 712 412c0-80.2-31.3-155.4-87.9-212.1-56.6-56.7-132-87.9-212.1-87.9s-155.5 31.3-212.1 87.9C143.2 256.5 112 331.8 112 412c0 80.1 31.3 155.5 87.9 212.1C256.5 680.8 331.8 712 412 712c67 0 130.6-21.8 182.7-62l259.7 259.6a8.2 8.2 0 0011.6 0l43.6-43.5a8.2 8.2 0 000-11.6zM570.4 570.4C528 612.7 471.8 636 412 636s-116-23.3-158.4-65.6C211.3 528 188 471.8 188 412s23.3-116.1 65.6-158.4C296 211.3 352.2 188 412 188s116.1 23.2 158.4 65.6S636 352.2 636 412s-23.3 116.1-65.6 158.4z"></path></svg></span><span>Search</span></button><button class="ant-btn ant-btn-circle ant-btn-icon-only" type="button"><span role="img" aria-label="search" class="anticon anticon-search"><svg class="" data-icon="search" width="1em" height="1em" fill="currentColor" aria-hidden="true" viewBox="64 64 896 896" focusable="false"><path d="M909.6 854.5L649.9 594.8C690.2 542.7 712 479 712 412c0-80.2-31.3-155.4-87.9-212.1-56.6-56.7-132-87.9-212.1-87.9s-155.5 31.3-212.1 87.9C143.2 256.5 112 331.8 112 412c0 80.1 31.3 155.5 87.9 212.1C256.5 680.8 331.8 712 412 712c67 0 130.6-21.8 182.7-62l259.7 259.6a8.2 8.2 0 0011.6 0l43.6-43.5a8.2 8.2 0 000-11.6zM570.4 570.4C528 612.7 471.8 636 412 636s-116-23.3-158.4-65.6C211.3 528 188 471.8 188 412s23.3-116.1 65.6-158.4C296 211.3 352.2 188 412 188s116.1 23.2 158.4 65.6S636 352.2 636 412s-23.3 116.1-65.6 158.4z"></path></svg></span></button><button class="ant-btn" type="button"><span role="img" aria-label="search" class="anticon anticon-search"><svg class="" data-icon="search" width="1em" height="1em" fill="currentColor" aria-hidden="true" viewBox="64 64 896 896" focusable="false"><path d="M909.6 854.5L649.9 594.8C690.2 542.7 712 479 712 412c0-80.2-31.3-155.4-87.9-212.1-56.6-56.7-132-87.9-212.1-87.9s-155.5 31.3-212.1 87.9C143.2 256.5 112 331.8 112 412c0 80.1 31.3 155.5 87.9 212.1C256.5 680.8 331.8 712 412 712c67 0 130.6-21.8 182.7-62l259.7 259.6a8.2 8.2 0 0011.6 0l43.6-43.5a8.2 8.2 0 000-11.6zM570.4 570.4C528 612.7 471.8 636 412 636s-116-23.3-158.4-65.6C211.3 528 188 471.8 188 412s23.3-116.1 65.6-158.4C296 211.3 352.2 188 412 188s116.1 23.2 158.4 65.6S636 352.2 636 412s-23.3 116.1-65.6 158.4z"></path></svg></span><span>Search</span></button><button class="ant-btn ant-btn-dashed ant-btn-circle ant-btn-icon-only" type="button"><span role="img" aria-label="search" class="anticon anticon-search"><svg class="" data-icon="search" width="1em" height="1em" fill="currentColor" aria-hidden="true" viewBox="64 64 896 896" focusable="false"><path d="M909.6 854.5L649.9 594.8C690.2 542.7 712 479 712 412c0-80.2-31.3-155.4-87.9-212.1-56.6-56.7-132-87.9-212.1-87.9s-155.5 31.3-212.1 87.9C143.2 256.5 112 331.8 112 412c0 80.1 31.3 155.5 87.9 212.1C256.5 680.8 331.8 712 412 712c67 0 130.6-21.8 182.7-62l259.7 259.6a8.2 8.2 0 0011.6 0l43.6-43.5a8.2 8.2 0 000-11.6zM570.4 570.4C528 612.7 471.8 636 412 636s-116-23.3-158.4-65.6C211.3 528 188 471.8 188 412s23.3-116.1 65.6-158.4C296 211.3 352.2 188 412 188s116.1 23.2 158.4 65.6S636 352.2 636 412s-23.3 116.1-65.6 158.4z"></path></svg></span></button><button class="ant-btn ant-btn-dashed" type="button"><span role="img" aria-label="search" class="anticon anticon-search"><svg class="" data-icon="search" width="1em" height="1em" fill="currentColor" aria-hidden="true" viewBox="64 64 896 896" focusable="false"><path d="M909.6 854.5L649.9 594.8C690.2 542.7 712 479 712 412c0-80.2-31.3-155.4-87.9-212.1-56.6-56.7-132-87.9-212.1-87.9s-155.5 31.3-212.1 87.9C143.2 256.5 112 331.8 112 412c0 80.1 31.3 155.5 87.9 212.1C256.5 680.8 331.8 712 412 712c67 0 130.6-21.8 182.7-62l259.7 259.6a8.2 8.2 0 0011.6 0l43.6-43.5a8.2 8.2 0 000-11.6zM570.4 570.4C528 612.7 471.8 636 412 636s-116-23.3-158.4-65.6C211.3 528 188 471.8 188 412s23.3-116.1 65.6-158.4C296 211.3 352.2 188 412 188s116.1 23.2 158.4 65.6S636 352.2 636 412s-23.3 116.1-65.6 158.4z"></path></svg></span><span>Search</span></button>
`;

exports[`renders ./antdv-demo/docs/button/demo/loading.md correctly 1`] = `
<button class="ant-btn ant-btn-primary ant-btn-loading" type="button"><span role="img" aria-label="loading" class="anticon anticon-loading"><svg class="anticon-spin" data-icon="loading" width="1em" height="1em" fill="currentColor" aria-hidden="true" viewBox="0 0 1024 1024" focusable="false"><path d="M988 548c-19.9 0-36-16.1-36-36 0-59.4-11.6-117-34.6-171.3a440.45 440.45 0 00-94.3-139.9 437.71 437.71 0 00-139.9-94.3C629 83.6 571.4 72 512 72c-19.9 0-36-16.1-36-36s16.1-36 36-36c69.1 0 136.2 13.5 199.3 40.3C772.3 66 827 103 874 150c47 47 83.9 101.8 109.7 162.7 26.7 63.1 40.2 130.2 40.2 199.3.1 19.9-16 36-35.9 36z"></path></svg></span><span>Loading</span></button><button class="ant-btn ant-btn-primary ant-btn-sm ant-btn-loading" type="button"><span role="img" aria-label="loading" class="anticon anticon-loading"><svg class="anticon-spin" data-icon="loading" width="1em" height="1em" fill="currentColor" aria-hidden="true" viewBox="0 0 1024 1024" focusable="false"><path d="M988 548c-19.9 0-36-16.1-36-36 0-59.4-11.6-117-34.6-171.3a440.45 440.45 0 00-94.3-139.9 437.71 437.71 0 00-139.9-94.3C629 83.6 571.4 72 512 72c-19.9 0-36-16.1-36-36s16.1-36 36-36c69.1 0 136.2 13.5 199.3 40.3C772.3 66 827 103 874 150c47 47 83.9 101.8 109.7 162.7 26.7 63.1 40.2 130.2 40.2 199.3.1 19.9-16 36-35.9 36z"></path></svg></span><span>Loading</span></button><br><button class="ant-btn ant-btn-primary" type="button">
  <!----><span>mouseenter me!</span>
</button><button class="ant-btn ant-btn-primary" type="button">poweroff<span>延迟1s</span></button><br><button class="ant-btn ant-btn-primary ant-btn-icon-only ant-btn-loading" type="button"><span role="img" aria-label="loading" class="anticon anticon-loading"><svg class="anticon-spin" data-icon="loading" width="1em" height="1em" fill="currentColor" aria-hidden="true" viewBox="0 0 1024 1024" focusable="false"><path d="M988 548c-19.9 0-36-16.1-36-36 0-59.4-11.6-117-34.6-171.3a440.45 440.45 0 00-94.3-139.9 437.71 437.71 0 00-139.9-94.3C629 83.6 571.4 72 512 72c-19.9 0-36-16.1-36-36s16.1-36 36-36c69.1 0 136.2 13.5 199.3 40.3C772.3 66 827 103 874 150c47 47 83.9 101.8 109.7 162.7 26.7 63.1 40.2 130.2 40.2 199.3.1 19.9-16 36-35.9 36z"></path></svg></span></button><button class="ant-btn ant-btn-primary ant-btn-circle ant-btn-icon-only ant-btn-loading" type="button"><span role="img" aria-label="loading" class="anticon anticon-loading"><svg class="anticon-spin" data-icon="loading" width="1em" height="1em" fill="currentColor" aria-hidden="true" viewBox="0 0 1024 1024" focusable="false"><path d="M988 548c-19.9 0-36-16.1-36-36 0-59.4-11.6-117-34.6-171.3a440.45 440.45 0 00-94.3-139.9 437.71 437.71 0 00-139.9-94.3C629 83.6 571.4 72 512 72c-19.9 0-36-16.1-36-36s16.1-36 36-36c69.1 0 136.2 13.5 199.3 40.3C772.3 66 827 103 874 150c47 47 83.9 101.8 109.7 162.7 26.7 63.1 40.2 130.2 40.2 199.3.1 19.9-16 36-35.9 36z"></path></svg></span></button><button class="ant-btn ant-btn-danger ant-btn-round ant-btn-icon-only ant-btn-loading" type="button"><span role="img" aria-label="loading" class="anticon anticon-loading"><svg class="anticon-spin" data-icon="loading" width="1em" height="1em" fill="currentColor" aria-hidden="true" viewBox="0 0 1024 1024" focusable="false"><path d="M988 548c-19.9 0-36-16.1-36-36 0-59.4-11.6-117-34.6-171.3a440.45 440.45 0 00-94.3-139.9 437.71 437.71 0 00-139.9-94.3C629 83.6 571.4 72 512 72c-19.9 0-36-16.1-36-36s16.1-36 36-36c69.1 0 136.2 13.5 199.3 40.3C772.3 66 827 103 874 150c47 47 83.9 101.8 109.7 162.7 26.7 63.1 40.2 130.2 40.2 199.3.1 19.9-16 36-35.9 36z"></path></svg></span></button>
`;

exports[`renders ./antdv-demo/docs/button/demo/multiple.md correctly 1`] = `
<button class="ant-btn ant-btn-primary" type="button">
  <!----><span>Primary</span>
</button><button class="ant-btn" type="button">
  <!----><span>secondary</span>
</button>
<!----><button class="ant-dropdown-trigger ant-btn" type="button">
  <!----><span>Actions</span><span role="img" aria-label="down" class="anticon anticon-down"><svg class="" data-icon="down" width="1em" height="1em" fill="currentColor" aria-hidden="true" viewBox="64 64 896 896" focusable="false"><path d="M884 256h-75c-5.1 0-9.9 2.5-12.9 6.6L512 654.2 227.9 262.6c-3-4.1-7.8-6.6-12.9-6.6h-75c-6.5 0-10.3 7.4-6.5 12.7l352.6 486.1c12.8 17.6 39 17.6 51.7 0l352.6-486.1c3.9-5.3.1-12.7-6.4-12.7z"></path></svg></span>
</button>
`;

exports[`renders ./antdv-demo/docs/button/demo/size.md correctly 1`] = `
<div class="ant-radio-group ant-radio-group-outline ant-radio-group-default"><label class="ant-radio-button-wrapper ant-radio-button-wrapper-checked"><span class="ant-radio-button ant-radio-button-checked"><input type="radio" class="ant-radio-button-input" value="large"><span class="ant-radio-button-inner"></span></span><span> Large </span></label><label class="ant-radio-button-wrapper"><span class="ant-radio-button"><input type="radio" class="ant-radio-button-input" value="default"><span class="ant-radio-button-inner"></span></span><span> Default </span></label><label class="ant-radio-button-wrapper"><span class="ant-radio-button"><input type="radio" class="ant-radio-button-input" value="small"><span class="ant-radio-button-inner"></span></span><span> Small </span></label></div><br><br><button class="ant-btn ant-btn-primary ant-btn-lg" type="button">
  <!----><span>Primary</span>
</button><button class="ant-btn ant-btn-lg" type="button">
  <!----><span>Normal</span>
</button><button class="ant-btn ant-btn-dashed ant-btn-lg" type="button">
  <!----><span>Dashed</span>
</button><button class="ant-btn ant-btn-danger ant-btn-lg" type="button">
  <!----><span>Danger</span>
</button><button class="ant-btn ant-btn-link ant-btn-lg" type="button">
  <!----><span>Link</span>
</button><br><button class="ant-btn ant-btn-primary ant-btn-lg ant-btn-icon-only" type="button"><span role="img" aria-label="download" class="anticon anticon-download"><svg class="" data-icon="download" width="1em" height="1em" fill="currentColor" aria-hidden="true" viewBox="64 64 896 896" focusable="false"><path d="M505.7 661a8 8 0 0012.6 0l112-141.7c4.1-5.2.4-12.9-6.3-12.9h-74.1V168c0-4.4-3.6-8-8-8h-60c-4.4 0-8 3.6-8 8v338.3H400c-6.7 0-10.4 7.7-6.3 12.9l112 141.8zM878 626h-60c-4.4 0-8 3.6-8 8v154H214V634c0-4.4-3.6-8-8-8h-60c-4.4 0-8 3.6-8 8v198c0 17.7 14.3 32 32 32h684c17.7 0 32-14.3 32-32V634c0-4.4-3.6-8-8-8z"></path></svg></span></button><button class="ant-btn ant-btn-primary ant-btn-circle ant-btn-lg ant-btn-icon-only" type="button"><span role="img" aria-label="download" class="anticon anticon-download"><svg class="" data-icon="download" width="1em" height="1em" fill="currentColor" aria-hidden="true" viewBox="64 64 896 896" focusable="false"><path d="M505.7 661a8 8 0 0012.6 0l112-141.7c4.1-5.2.4-12.9-6.3-12.9h-74.1V168c0-4.4-3.6-8-8-8h-60c-4.4 0-8 3.6-8 8v338.3H400c-6.7 0-10.4 7.7-6.3 12.9l112 141.8zM878 626h-60c-4.4 0-8 3.6-8 8v154H214V634c0-4.4-3.6-8-8-8h-60c-4.4 0-8 3.6-8 8v198c0 17.7 14.3 32 32 32h684c17.7 0 32-14.3 32-32V634c0-4.4-3.6-8-8-8z"></path></svg></span></button><button class="ant-btn ant-btn-primary ant-btn-round ant-btn-lg ant-btn-icon-only" type="button"><span role="img" aria-label="download" class="anticon anticon-download"><svg class="" data-icon="download" width="1em" height="1em" fill="currentColor" aria-hidden="true" viewBox="64 64 896 896" focusable="false"><path d="M505.7 661a8 8 0 0012.6 0l112-141.7c4.1-5.2.4-12.9-6.3-12.9h-74.1V168c0-4.4-3.6-8-8-8h-60c-4.4 0-8 3.6-8 8v338.3H400c-6.7 0-10.4 7.7-6.3 12.9l112 141.8zM878 626h-60c-4.4 0-8 3.6-8 8v154H214V634c0-4.4-3.6-8-8-8h-60c-4.4 0-8 3.6-8 8v198c0 17.7 14.3 32 32 32h684c17.7 0 32-14.3 32-32V634c0-4.4-3.6-8-8-8z"></path></svg></span>Download </button><button class="ant-btn ant-btn-primary ant-btn-round ant-btn-lg ant-btn-icon-only" type="button"><span role="img" aria-label="download" class="anticon anticon-download"><svg class="" data-icon="download" width="1em" height="1em" fill="currentColor" aria-hidden="true" viewBox="64 64 896 896" focusable="false"><path d="M505.7 661a8 8 0 0012.6 0l112-141.7c4.1-5.2.4-12.9-6.3-12.9h-74.1V168c0-4.4-3.6-8-8-8h-60c-4.4 0-8 3.6-8 8v338.3H400c-6.7 0-10.4 7.7-6.3 12.9l112 141.8zM878 626h-60c-4.4 0-8 3.6-8 8v154H214V634c0-4.4-3.6-8-8-8h-60c-4.4 0-8 3.6-8 8v198c0 17.7 14.3 32 32 32h684c17.7 0 32-14.3 32-32V634c0-4.4-3.6-8-8-8z"></path></svg></span></button><button class="ant-btn ant-btn-primary ant-btn-lg" type="button"><span role="img" aria-label="download" class="anticon anticon-download"><svg class="" data-icon="download" width="1em" height="1em" fill="currentColor" aria-hidden="true" viewBox="64 64 896 896" focusable="false"><path d="M505.7 661a8 8 0 0012.6 0l112-141.7c4.1-5.2.4-12.9-6.3-12.9h-74.1V168c0-4.4-3.6-8-8-8h-60c-4.4 0-8 3.6-8 8v338.3H400c-6.7 0-10.4 7.7-6.3 12.9l112 141.8zM878 626h-60c-4.4 0-8 3.6-8 8v154H214V634c0-4.4-3.6-8-8-8h-60c-4.4 0-8 3.6-8 8v198c0 17.7 14.3 32 32 32h684c17.7 0 32-14.3 32-32V634c0-4.4-3.6-8-8-8z"></path></svg></span><span>Download</span></button><br>
<div class="ant-btn-group ant-btn-group-lg"><button class="ant-btn ant-btn-primary" type="button">
    <!----><span role="img" aria-label="left" class="anticon anticon-left"><svg class="" data-icon="left" width="1em" height="1em" fill="currentColor" aria-hidden="true" viewBox="64 64 896 896" focusable="false"><path d="M724 218.3V141c0-6.7-7.7-10.4-12.9-6.3L260.3 486.8a31.86 31.86 0 000 50.3l450.8 352.1c5.3 4.1 12.9.4 12.9-6.3v-77.3c0-4.9-2.3-9.6-6.1-12.6l-360-281 360-281.1c3.8-3 6.1-7.7 6.1-12.6z"></path></svg></span><span>Backward</span>
  </button><button class="ant-btn ant-btn-primary" type="button">
    <!----><span>Forward</span><span role="img" aria-label="right" class="anticon anticon-right"><svg class="" data-icon="right" width="1em" height="1em" fill="currentColor" aria-hidden="true" viewBox="64 64 896 896" focusable="false"><path d="M765.7 486.8L314.9 134.7A7.97 7.97 0 00302 141v77.3c0 4.9 2.3 9.6 6.1 12.6l360 281.1-360 281.1c-3.9 3-6.1 7.7-6.1 12.6V883c0 6.7 7.7 10.4 12.9 6.3l450.8-352.1a31.96 31.96 0 000-50.4z"></path></svg></span>
  </button></div>
`;
