// Jest Snapshot v1, https://goo.gl/fbAQLP

exports[`Input.Search should support custom Button 1`] = `<span class="ant-input-group-wrapper ant-input-search ant-input-search-enter-button"><span class="ant-input-wrapper ant-input-group"><input type="text" class="ant-input"><span class="ant-input-group-addon"><button type="button" class="ant-btn ant-input-search-button"><span>ok</span></button></span></span></span>`;

exports[`Input.Search should support custom button 1`] = `<span class="ant-input-group-wrapper ant-input-search ant-input-search-enter-button"><span class="ant-input-wrapper ant-input-group"><input type="text" class="ant-input"><span class="ant-input-group-addon"><button type="button" class="ant-input-search-button">ok</button></span></span></span>`;
