// Jest Snapshot v1, https://goo.gl/fbAQLP

exports[`Tabs tabPosition remove card 1`] = `
<div class="ant-tabs ant-tabs-left ant-tabs-vertical ant-tabs-line">
  <div role="tablist" tabindex="0" class="ant-tabs-bar ant-tabs-left-bar">
    <div class="ant-tabs-nav-container"><span unselectable="unselectable" class="ant-tabs-tab-prev ant-tabs-tab-btn-disabled"><span class="ant-tabs-tab-prev-icon"><i aria-label="icon: up" class="ant-tabs-tab-prev-icon-target anticon anticon-up"><svg viewBox="64 64 896 896" data-icon="up" width="1em" height="1em" fill="currentColor" aria-hidden="true" focusable="false" class=""><path d="M890.5 755.3L537.9 269.2c-12.8-17.6-39-17.6-51.7 0L133.5 755.3A8 8 0 0 0 140 768h75c5.1 0 9.9-2.5 12.9-6.6L512 369.8l284.1 391.6c3 4.1 7.8 6.6 12.9 6.6h75c6.5 0 10.3-7.4 6.5-12.7z"></path></svg></i></span></span><span unselectable="unselectable" class="ant-tabs-tab-next ant-tabs-tab-btn-disabled"><span class="ant-tabs-tab-next-icon"><i aria-label="icon: down" class="ant-tabs-tab-next-icon-target anticon anticon-down"><svg viewBox="64 64 896 896" data-icon="down" width="1em" height="1em" fill="currentColor" aria-hidden="true" focusable="false" class=""><path d="M884 256h-75c-5.1 0-9.9 2.5-12.9 6.6L512 654.2 227.9 262.6c-3-4.1-7.8-6.6-12.9-6.6h-75c-6.5 0-10.3 7.4-6.5 12.7l352.6 486.1c12.8 17.6 39 17.6 51.7 0l352.6-486.1c3.9-5.3.1-12.7-6.4-12.7z"></path></svg></i></span></span>
      <div class="ant-tabs-nav-wrap">
        <div class="ant-tabs-nav-scroll">
          <div class="ant-tabs-nav ant-tabs-nav-animated">
            <div>
              <div role="tab" aria-disabled="false" aria-selected="true" class="ant-tabs-tab-active ant-tabs-tab">foo</div>
            </div>
            <div class="ant-tabs-ink-bar ant-tabs-ink-bar-animated"></div>
          </div>
        </div>
      </div>
    </div>
    <div class="ant-tabs-extra-content">xxx</div>
  </div>
  <div tabindex="0" role="presentation" style="width: 0px; height: 0px; overflow: hidden; position: absolute;"></div>
  <div class="ant-tabs-content ant-tabs-content-animated ant-tabs-left-content" style="margin-top: 0%;">
    <div role="tabpanel" aria-hidden="false" class="ant-tabs-tabpane ant-tabs-tabpane-active">
      <div tabindex="0" role="presentation" style="width: 0px; height: 0px; overflow: hidden; position: absolute;"></div>foo<div tabindex="0" role="presentation" style="width: 0px; height: 0px; overflow: hidden; position: absolute;"></div>
    </div>
  </div>
  <div tabindex="0" role="presentation" style="width: 0px; height: 0px; overflow: hidden; position: absolute;"></div>
</div>
`;
