// Jest Snapshot v1, https://goo.gl/fbAQLP

exports[`Form Form.Item should support data-*„ÄÅaria-* and custom attribute 1`] = `
<form class="ant-form ant-form-horizontal">
  <div class="ant-row ant-form-item" data-text="123" aria-hidden="true" cccc="bbbb">
    <div class="ant-col ant-form-item-control-wrapper">
      <div class="ant-form-item-control"><span class="ant-form-item-children">text</span>
        <!---->
      </div>
    </div>
  </div>
</form>
`;
