// Jest Snapshot v1, https://goo.gl/fbAQLP

exports[`Transfer should render correctly 1`] = `
<div class="ant-transfer">
  <div class="ant-transfer-list">
    <div class="ant-transfer-list-header"><label class="ant-checkbox-wrapper ant-checkbox-wrapper-checked"><span class="ant-checkbox ant-checkbox-checked"><input type="checkbox" checked="checked" class="ant-checkbox-input"><span class="ant-checkbox-inner"></span></span></label><span class="ant-transfer-list-header-selected"><span>1/2 items</span><span class="ant-transfer-list-header-title"></span></span></div>
    <div class="ant-transfer-list-body"><span tag="ul" class="ant-transfer-list-content"><li class="ant-transfer-list-content-item"><label class="ant-checkbox-wrapper ant-checkbox-wrapper-checked"><span class="ant-checkbox ant-checkbox-checked"><input type="checkbox" checked="checked" class="ant-checkbox-input"><span class="ant-checkbox-inner"></span></span></label><span></span></li>
      <li class="ant-transfer-list-content-item ant-transfer-list-content-item-disabled"><label class="ant-checkbox-wrapper ant-checkbox-wrapper-disabled"><span class="ant-checkbox ant-checkbox-disabled"><input type="checkbox" disabled="disabled" class="ant-checkbox-input"><span class="ant-checkbox-inner"></span></span></label><span></span></li>
      </span></div>
  </div>
  <div class="ant-transfer-operation"><button type="button" class="ant-btn ant-btn-primary ant-btn-sm ant-btn-icon-only"><i aria-label="icon: right" class="anticon anticon-right"><svg viewBox="64 64 896 896" focusable="false" data-icon="right" width="1em" height="1em" fill="currentColor" aria-hidden="true">
          <path d="M765.7 486.8L314.9 134.7A7.97 7.97 0 0 0 302 141v77.3c0 4.9 2.3 9.6 6.1 12.6l360 281.1-360 281.1c-3.9 3-6.1 7.7-6.1 12.6V883c0 6.7 7.7 10.4 12.9 6.3l450.8-352.1a31.96 31.96 0 0 0 0-50.4z"></path>
        </svg></i></button><button disabled="disabled" type="button" class="ant-btn ant-btn-primary ant-btn-sm ant-btn-icon-only"><i aria-label="icon: left" class="anticon anticon-left"><svg viewBox="64 64 896 896" focusable="false" data-icon="left" width="1em" height="1em" fill="currentColor" aria-hidden="true">
          <path d="M724 218.3V141c0-6.7-7.7-10.4-12.9-6.3L260.3 486.8a31.86 31.86 0 0 0 0 50.3l450.8 352.1c5.3 4.1 12.9.4 12.9-6.3v-77.3c0-4.9-2.3-9.6-6.1-12.6l-360-281 360-281.1c3.8-3 6.1-7.7 6.1-12.6z"></path>
        </svg></i></button></div>
  <div class="ant-transfer-list">
    <div class="ant-transfer-list-header"><label class="ant-checkbox-wrapper"><span class="ant-checkbox"><input type="checkbox" class="ant-checkbox-input"><span class="ant-checkbox-inner"></span></span></label><span class="ant-transfer-list-header-selected"><span>1 item</span><span class="ant-transfer-list-header-title"></span></span></div>
    <div class="ant-transfer-list-body"><span tag="ul" class="ant-transfer-list-content"><li class="ant-transfer-list-content-item"><label class="ant-checkbox-wrapper"><span class="ant-checkbox"><input type="checkbox" class="ant-checkbox-input"><span class="ant-checkbox-inner"></span></span></label><span></span></li></span></div>
  </div>
</div>
`;

exports[`Transfer should show sorted targetkey 1`] = `
<div class="ant-transfer">
  <div class="ant-transfer-list">
    <div class="ant-transfer-list-header"><label class="ant-checkbox-wrapper"><span class="ant-checkbox"><input type="checkbox" class="ant-checkbox-input"><span class="ant-checkbox-inner"></span></span></label><span class="ant-transfer-list-header-selected"><span>1 item</span><span class="ant-transfer-list-header-title"></span></span></div>
    <div class="ant-transfer-list-body"><span tag="ul" class="ant-transfer-list-content"><li title="a" class="ant-transfer-list-content-item"><label class="ant-checkbox-wrapper"><span class="ant-checkbox"><input type="checkbox" class="ant-checkbox-input"><span class="ant-checkbox-inner"></span></span></label><span>a</span></li></span></div>
  </div>
  <div class="ant-transfer-operation"><button disabled="disabled" type="button" class="ant-btn ant-btn-primary ant-btn-sm ant-btn-icon-only"><i aria-label="icon: right" class="anticon anticon-right"><svg viewBox="64 64 896 896" focusable="false" data-icon="right" width="1em" height="1em" fill="currentColor" aria-hidden="true">
          <path d="M765.7 486.8L314.9 134.7A7.97 7.97 0 0 0 302 141v77.3c0 4.9 2.3 9.6 6.1 12.6l360 281.1-360 281.1c-3.9 3-6.1 7.7-6.1 12.6V883c0 6.7 7.7 10.4 12.9 6.3l450.8-352.1a31.96 31.96 0 0 0 0-50.4z"></path>
        </svg></i></button><button disabled="disabled" type="button" class="ant-btn ant-btn-primary ant-btn-sm ant-btn-icon-only"><i aria-label="icon: left" class="anticon anticon-left"><svg viewBox="64 64 896 896" focusable="false" data-icon="left" width="1em" height="1em" fill="currentColor" aria-hidden="true">
          <path d="M724 218.3V141c0-6.7-7.7-10.4-12.9-6.3L260.3 486.8a31.86 31.86 0 0 0 0 50.3l450.8 352.1c5.3 4.1 12.9.4 12.9-6.3v-77.3c0-4.9-2.3-9.6-6.1-12.6l-360-281 360-281.1c3.8-3 6.1-7.7 6.1-12.6z"></path>
        </svg></i></button></div>
  <div class="ant-transfer-list">
    <div class="ant-transfer-list-header"><label class="ant-checkbox-wrapper"><span class="ant-checkbox"><input type="checkbox" class="ant-checkbox-input"><span class="ant-checkbox-inner"></span></span></label><span class="ant-transfer-list-header-selected"><span>2 items</span><span class="ant-transfer-list-header-title"></span></span></div>
    <div class="ant-transfer-list-body"><span tag="ul" class="ant-transfer-list-content"><li title="c" class="ant-transfer-list-content-item"><label class="ant-checkbox-wrapper"><span class="ant-checkbox"><input type="checkbox" class="ant-checkbox-input"><span class="ant-checkbox-inner"></span></span></label><span>c</span></li>
      <li title="b" class="ant-transfer-list-content-item"><label class="ant-checkbox-wrapper"><span class="ant-checkbox"><input type="checkbox" class="ant-checkbox-input"><span class="ant-checkbox-inner"></span></span></label><span>b</span></li>
      </span></div>
  </div>
</div>
`;
