// Jest Snapshot v1, https://goo.gl/fbAQLP

exports[`Table.sorter renders sorter icon correctly 1`] = `
<thead class="ant-table-thead">
  <tr>
    <th key="name" class="ant-table-column-has-actions ant-table-column-has-sorters">
      <div class="ant-table-column-sorters">Name<div title="Sort" class="ant-table-column-sorter"><i aria-label="icon: caret-up" class="ant-table-column-sorter-up off anticon anticon-caret-up"><svg viewBox="0 0 1024 1024" data-icon="caret-up" width="1em" height="1em" fill="currentColor" aria-hidden="true" focusable="false" class="">
              <path d="M858.9 689L530.5 308.2c-9.4-10.9-27.5-10.9-37 0L165.1 689c-12.2 14.2-1.2 35 18.5 35h656.8c19.7 0 30.7-20.8 18.5-35z"></path>
            </svg></i><i aria-label="icon: caret-down" class="ant-table-column-sorter-down off anticon anticon-caret-down"><svg viewBox="0 0 1024 1024" data-icon="caret-down" width="1em" height="1em" fill="currentColor" aria-hidden="true" focusable="false" class="">
              <path d="M840.4 300H183.6c-19.7 0-30.7 20.8-18.5 35l328.4 380.8c9.4 10.9 27.5 10.9 37 0L858.9 335c12.2-14.2 1.2-35-18.5-35z"></path>
            </svg></i></div>
      </div>
    </th>
  </tr>
</thead>
`;
