// Jest Snapshot v1, https://goo.gl/fbAQLP

exports[`renders ./antdv-demo/docs/upload/demo/avatar.md correctly 1`] = `<span class="ant-upload-picture-card-wrapper avatar-uploader"><!----><div class="ant-upload ant-upload-select ant-upload-select-picture-card"><!----></div></span>`;

exports[`renders ./antdv-demo/docs/upload/demo/basic.md correctly 1`] = `<span class=""><div class="ant-upload ant-upload-select ant-upload-select-text"><!----></div><div class="ant-upload-list ant-upload-list-text"></div></span>`;

exports[`renders ./antdv-demo/docs/upload/demo/defaultFileList.md correctly 1`] = `
<span class=""><div class="ant-upload ant-upload-select ant-upload-select-text"><!----></div><div class="ant-upload-list ant-upload-list-text"><div class="ant-upload-animate-enter"><span><div class="ant-upload-list-item ant-upload-list-item-done ant-upload-list-item-list-type-text"><div class="ant-upload-list-item-info"><span><span role="img" aria-label="paper-clip" class="anticon anticon-paper-clip"><svg class="" data-icon="paper-clip" width="1em" height="1em" fill="currentColor" aria-hidden="true" viewBox="64 64 896 896" focusable="false"><path d="M779.3 196.6c-94.2-94.2-247.6-94.2-341.7 0l-261 260.8c-1.7 1.7-2.6 4-2.6 6.4s.9 4.7 2.6 6.4l36.9 36.9a9 9 0 0012.7 0l261-260.8c32.4-32.4 75.5-50.2 121.3-50.2s88.9 17.8 121.2 50.2c32.4 32.4 50.2 75.5 50.2 121.2 0 45.8-17.8 88.8-50.2 121.2l-266 265.9-43.1 43.1c-40.3 40.3-105.8 40.3-146.1 0-19.5-19.5-30.2-45.4-30.2-73s10.7-53.5 30.2-73l263.9-263.8c6.7-6.6 15.5-10.3 24.9-10.3h.1c9.4 0 18.1 3.7 24.7 10.3 6.7 6.7 10.3 15.5 10.3 24.9 0 9.3-3.7 18.1-10.3 24.7L372.4 653c-1.7 1.7-2.6 4-2.6 6.4s.9 4.7 2.6 6.4l36.9 36.9a9 9 0 0012.7 0l215.6-215.6c19.9-19.9 30.8-46.3 30.8-74.4s-11-54.6-30.8-74.4c-41.1-41.1-107.9-41-149 0L463 364 224.8 602.1A172.22 172.22 0 00174 724.8c0 46.3 18.1 89.8 50.8 122.5 33.9 33.8 78.3 50.7 122.7 50.7 44.4 0 88.8-16.9 122.6-50.7l309.2-309C824.8 492.7 850 432 850 367.5c.1-64.6-25.1-125.3-70.7-170.9z"></path></svg></span><a target="_blank" rel="noopener noreferrer" class="ant-upload-list-item-name ant-upload-list-item-name-icon-count-1" title="xxx.png" href="http://www.baidu.com/xxx.png">xxx.png</a><span class="ant-upload-list-item-card-actions "><!----><a title="Remove file"><span title="Remove file" tabindex="-1" role="img" aria-label="delete" class="anticon anticon-delete"><svg class="" data-icon="delete" width="1em" height="1em" fill="currentColor" aria-hidden="true" viewBox="64 64 896 896" focusable="false"><path d="M360 184h-8c4.4 0 8-3.6 8-8v8h304v-8c0 4.4 3.6 8 8 8h-8v72h72v-80c0-35.3-28.7-64-64-64H352c-35.3 0-64 28.7-64 64v80h72v-72zm504 72H160c-17.7 0-32 14.3-32 32v32c0 4.4 3.6 8 8 8h60.4l24.7 523c1.6 34.1 29.8 61 63.9 61h454c34.2 0 62.3-26.8 63.9-61l24.7-523H888c4.4 0 8-3.6 8-8v-32c0-17.7-14.3-32-32-32zM731.3 840H292.7l-24.2-512h487l-24.2 512z"></path></svg></span></a></span></span></div>
<!---->
<!---->
</div></span></div>
<div class="ant-upload-animate-enter"><span><div class="ant-upload-list-item ant-upload-list-item-done ant-upload-list-item-list-type-text"><div class="ant-upload-list-item-info"><span><span role="img" aria-label="paper-clip" class="anticon anticon-paper-clip"><svg class="" data-icon="paper-clip" width="1em" height="1em" fill="currentColor" aria-hidden="true" viewBox="64 64 896 896" focusable="false"><path d="M779.3 196.6c-94.2-94.2-247.6-94.2-341.7 0l-261 260.8c-1.7 1.7-2.6 4-2.6 6.4s.9 4.7 2.6 6.4l36.9 36.9a9 9 0 0012.7 0l261-260.8c32.4-32.4 75.5-50.2 121.3-50.2s88.9 17.8 121.2 50.2c32.4 32.4 50.2 75.5 50.2 121.2 0 45.8-17.8 88.8-50.2 121.2l-266 265.9-43.1 43.1c-40.3 40.3-105.8 40.3-146.1 0-19.5-19.5-30.2-45.4-30.2-73s10.7-53.5 30.2-73l263.9-263.8c6.7-6.6 15.5-10.3 24.9-10.3h.1c9.4 0 18.1 3.7 24.7 10.3 6.7 6.7 10.3 15.5 10.3 24.9 0 9.3-3.7 18.1-10.3 24.7L372.4 653c-1.7 1.7-2.6 4-2.6 6.4s.9 4.7 2.6 6.4l36.9 36.9a9 9 0 0012.7 0l215.6-215.6c19.9-19.9 30.8-46.3 30.8-74.4s-11-54.6-30.8-74.4c-41.1-41.1-107.9-41-149 0L463 364 224.8 602.1A172.22 172.22 0 00174 724.8c0 46.3 18.1 89.8 50.8 122.5 33.9 33.8 78.3 50.7 122.7 50.7 44.4 0 88.8-16.9 122.6-50.7l309.2-309C824.8 492.7 850 432 850 367.5c.1-64.6-25.1-125.3-70.7-170.9z"></path></svg></span><a target="_blank" rel="noopener noreferrer" class="ant-upload-list-item-name ant-upload-list-item-name-icon-count-1" title="yyy.png" href="http://www.baidu.com/yyy.png">yyy.png</a><span class="ant-upload-list-item-card-actions "><!----><a title="Remove file"><span title="Remove file" tabindex="-1" role="img" aria-label="delete" class="anticon anticon-delete"><svg class="" data-icon="delete" width="1em" height="1em" fill="currentColor" aria-hidden="true" viewBox="64 64 896 896" focusable="false"><path d="M360 184h-8c4.4 0 8-3.6 8-8v8h304v-8c0 4.4 3.6 8 8 8h-8v72h72v-80c0-35.3-28.7-64-64-64H352c-35.3 0-64 28.7-64 64v80h72v-72zm504 72H160c-17.7 0-32 14.3-32 32v32c0 4.4 3.6 8 8 8h60.4l24.7 523c1.6 34.1 29.8 61 63.9 61h454c34.2 0 62.3-26.8 63.9-61l24.7-523H888c4.4 0 8-3.6 8-8v-32c0-17.7-14.3-32-32-32zM731.3 840H292.7l-24.2-512h487l-24.2 512z"></path></svg></span></a></span></span></div>
<!---->
<!---->
</div></span></div>
<div class="ant-upload-animate-enter">
  <!---->
  <div class="ant-upload-list-item ant-upload-list-item-error ant-upload-list-item-list-type-text">
    <div class="ant-upload-list-item-info"><span><span role="img" aria-label="paper-clip" class="anticon anticon-paper-clip"><svg class="" data-icon="paper-clip" width="1em" height="1em" fill="currentColor" aria-hidden="true" viewBox="64 64 896 896" focusable="false"><path d="M779.3 196.6c-94.2-94.2-247.6-94.2-341.7 0l-261 260.8c-1.7 1.7-2.6 4-2.6 6.4s.9 4.7 2.6 6.4l36.9 36.9a9 9 0 0012.7 0l261-260.8c32.4-32.4 75.5-50.2 121.3-50.2s88.9 17.8 121.2 50.2c32.4 32.4 50.2 75.5 50.2 121.2 0 45.8-17.8 88.8-50.2 121.2l-266 265.9-43.1 43.1c-40.3 40.3-105.8 40.3-146.1 0-19.5-19.5-30.2-45.4-30.2-73s10.7-53.5 30.2-73l263.9-263.8c6.7-6.6 15.5-10.3 24.9-10.3h.1c9.4 0 18.1 3.7 24.7 10.3 6.7 6.7 10.3 15.5 10.3 24.9 0 9.3-3.7 18.1-10.3 24.7L372.4 653c-1.7 1.7-2.6 4-2.6 6.4s.9 4.7 2.6 6.4l36.9 36.9a9 9 0 0012.7 0l215.6-215.6c19.9-19.9 30.8-46.3 30.8-74.4s-11-54.6-30.8-74.4c-41.1-41.1-107.9-41-149 0L463 364 224.8 602.1A172.22 172.22 0 00174 724.8c0 46.3 18.1 89.8 50.8 122.5 33.9 33.8 78.3 50.7 122.7 50.7 44.4 0 88.8-16.9 122.6-50.7l309.2-309C824.8 492.7 850 432 850 367.5c.1-64.6-25.1-125.3-70.7-170.9z"></path></svg></span><a target="_blank" rel="noopener noreferrer" class="ant-upload-list-item-name ant-upload-list-item-name-icon-count-1" title="zzz.png" href="http://www.baidu.com/zzz.png">zzz.png</a><span class="ant-upload-list-item-card-actions "><!----><a title="Remove file"><span title="Remove file" tabindex="-1" role="img" aria-label="delete" class="anticon anticon-delete"><svg class="" data-icon="delete" width="1em" height="1em" fill="currentColor" aria-hidden="true" viewBox="64 64 896 896" focusable="false"><path d="M360 184h-8c4.4 0 8-3.6 8-8v8h304v-8c0 4.4 3.6 8 8 8h-8v72h72v-80c0-35.3-28.7-64-64-64H352c-35.3 0-64 28.7-64 64v80h72v-72zm504 72H160c-17.7 0-32 14.3-32 32v32c0 4.4 3.6 8 8 8h60.4l24.7 523c1.6 34.1 29.8 61 63.9 61h454c34.2 0 62.3-26.8 63.9-61l24.7-523H888c4.4 0 8-3.6 8-8v-32c0-17.7-14.3-32-32-32zM731.3 840H292.7l-24.2-512h487l-24.2 512z"></path></svg></span></a></span></span></div>
    <!---->
    <!---->
  </div>
</div>
</div></span>
`;

exports[`renders ./antdv-demo/docs/upload/demo/directory.md correctly 1`] = `<span class=""><div class="ant-upload ant-upload-select ant-upload-select-text"><!----></div><div class="ant-upload-list ant-upload-list-text"></div></span>`;

exports[`renders ./antdv-demo/docs/upload/demo/drag.md correctly 1`] = `<span><div class="ant-upload ant-upload-drag"><!----></div><div class="ant-upload-list ant-upload-list-text"></div></span>`;

exports[`renders ./antdv-demo/docs/upload/demo/fileList.md correctly 1`] = `
<span class=""><div class="ant-upload ant-upload-select ant-upload-select-text"><!----></div><div class="ant-upload-list ant-upload-list-text"><div class="ant-upload-animate-enter"><span><div class="ant-upload-list-item ant-upload-list-item-done ant-upload-list-item-list-type-text"><div class="ant-upload-list-item-info"><span><span role="img" aria-label="paper-clip" class="anticon anticon-paper-clip"><svg class="" data-icon="paper-clip" width="1em" height="1em" fill="currentColor" aria-hidden="true" viewBox="64 64 896 896" focusable="false"><path d="M779.3 196.6c-94.2-94.2-247.6-94.2-341.7 0l-261 260.8c-1.7 1.7-2.6 4-2.6 6.4s.9 4.7 2.6 6.4l36.9 36.9a9 9 0 0012.7 0l261-260.8c32.4-32.4 75.5-50.2 121.3-50.2s88.9 17.8 121.2 50.2c32.4 32.4 50.2 75.5 50.2 121.2 0 45.8-17.8 88.8-50.2 121.2l-266 265.9-43.1 43.1c-40.3 40.3-105.8 40.3-146.1 0-19.5-19.5-30.2-45.4-30.2-73s10.7-53.5 30.2-73l263.9-263.8c6.7-6.6 15.5-10.3 24.9-10.3h.1c9.4 0 18.1 3.7 24.7 10.3 6.7 6.7 10.3 15.5 10.3 24.9 0 9.3-3.7 18.1-10.3 24.7L372.4 653c-1.7 1.7-2.6 4-2.6 6.4s.9 4.7 2.6 6.4l36.9 36.9a9 9 0 0012.7 0l215.6-215.6c19.9-19.9 30.8-46.3 30.8-74.4s-11-54.6-30.8-74.4c-41.1-41.1-107.9-41-149 0L463 364 224.8 602.1A172.22 172.22 0 00174 724.8c0 46.3 18.1 89.8 50.8 122.5 33.9 33.8 78.3 50.7 122.7 50.7 44.4 0 88.8-16.9 122.6-50.7l309.2-309C824.8 492.7 850 432 850 367.5c.1-64.6-25.1-125.3-70.7-170.9z"></path></svg></span><a target="_blank" rel="noopener noreferrer" class="ant-upload-list-item-name ant-upload-list-item-name-icon-count-1" title="xxx.png" href="http://www.baidu.com/xxx.png">xxx.png</a><span class="ant-upload-list-item-card-actions "><!----><a title="Remove file"><span title="Remove file" tabindex="-1" role="img" aria-label="delete" class="anticon anticon-delete"><svg class="" data-icon="delete" width="1em" height="1em" fill="currentColor" aria-hidden="true" viewBox="64 64 896 896" focusable="false"><path d="M360 184h-8c4.4 0 8-3.6 8-8v8h304v-8c0 4.4 3.6 8 8 8h-8v72h72v-80c0-35.3-28.7-64-64-64H352c-35.3 0-64 28.7-64 64v80h72v-72zm504 72H160c-17.7 0-32 14.3-32 32v32c0 4.4 3.6 8 8 8h60.4l24.7 523c1.6 34.1 29.8 61 63.9 61h454c34.2 0 62.3-26.8 63.9-61l24.7-523H888c4.4 0 8-3.6 8-8v-32c0-17.7-14.3-32-32-32zM731.3 840H292.7l-24.2-512h487l-24.2 512z"></path></svg></span></a></span></span></div>
<!---->
<!---->
</div></span></div>
</div></span>
`;

exports[`renders ./antdv-demo/docs/upload/demo/picture-card.md correctly 1`] = `
<div class="clearfix"><span class="ant-upload-picture-card-wrapper"><div class="ant-upload-list ant-upload-list-picture-card"><div class="ant-upload-list-picture-card-container ant-upload-animate-inline-enter"><span><div class="ant-upload-list-item ant-upload-list-item-done ant-upload-list-item-list-type-picture-card"><div class="ant-upload-list-item-info"><span><a class="ant-upload-list-item-thumbnail" href="https://zos.alipayobjects.com/rmsportal/jkjgkEfvpUPVyRjUImniVslZfWPnJuuZ.png" target="_blank" rel="noopener noreferrer"><img src="https://zos.alipayobjects.com/rmsportal/jkjgkEfvpUPVyRjUImniVslZfWPnJuuZ.png" alt="image.png" class="ant-upload-list-item-image"></a><a target="_blank" rel="noopener noreferrer" class="ant-upload-list-item-name ant-upload-list-item-name-icon-count-1" title="image.png" href="https://zos.alipayobjects.com/rmsportal/jkjgkEfvpUPVyRjUImniVslZfWPnJuuZ.png">image.png</a><!----></span></div><span class="ant-upload-list-item-actions"><a href="https://zos.alipayobjects.com/rmsportal/jkjgkEfvpUPVyRjUImniVslZfWPnJuuZ.png" target="_blank" rel="noopener noreferrer" title="Preview file"><span role="img" aria-label="eye" class="anticon anticon-eye"><svg class="" data-icon="eye" width="1em" height="1em" fill="currentColor" aria-hidden="true" viewBox="64 64 896 896" focusable="false"><path d="M942.2 486.2C847.4 286.5 704.1 186 512 186c-192.2 0-335.4 100.5-430.2 300.3a60.3 60.3 0 000 51.5C176.6 737.5 319.9 838 512 838c192.2 0 335.4-100.5 430.2-300.3 7.7-16.2 7.7-35 0-51.5zM512 766c-161.3 0-279.4-81.8-362.7-254C232.6 339.8 350.7 258 512 258c161.3 0 279.4 81.8 362.7 254C791.5 684.2 673.4 766 512 766zm-4-430c-97.2 0-176 78.8-176 176s78.8 176 176 176 176-78.8 176-176-78.8-176-176-176zm0 288c-61.9 0-112-50.1-112-112s50.1-112 112-112 112 50.1 112 112-50.1 112-112 112z"></path></svg></span></a>
<!----><span title="Remove file" tabindex="-1" role="img" aria-label="delete" class="anticon anticon-delete"><svg class="" data-icon="delete" width="1em" height="1em" fill="currentColor" aria-hidden="true" viewBox="64 64 896 896" focusable="false"><path d="M360 184h-8c4.4 0 8-3.6 8-8v8h304v-8c0 4.4 3.6 8 8 8h-8v72h72v-80c0-35.3-28.7-64-64-64H352c-35.3 0-64 28.7-64 64v80h72v-72zm504 72H160c-17.7 0-32 14.3-32 32v32c0 4.4 3.6 8 8 8h60.4l24.7 523c1.6 34.1 29.8 61 63.9 61h454c34.2 0 62.3-26.8 63.9-61l24.7-523H888c4.4 0 8-3.6 8-8v-32c0-17.7-14.3-32-32-32zM731.3 840H292.7l-24.2-512h487l-24.2 512z"></path></svg></span></span>
<!---->
</div></span></div>
<div class="ant-upload-list-picture-card-container ant-upload-animate-inline-enter"><span><div class="ant-upload-list-item ant-upload-list-item-done ant-upload-list-item-list-type-picture-card"><div class="ant-upload-list-item-info"><span><a class="ant-upload-list-item-thumbnail" href="https://zos.alipayobjects.com/rmsportal/jkjgkEfvpUPVyRjUImniVslZfWPnJuuZ.png" target="_blank" rel="noopener noreferrer"><img src="https://zos.alipayobjects.com/rmsportal/jkjgkEfvpUPVyRjUImniVslZfWPnJuuZ.png" alt="image.png" class="ant-upload-list-item-image"></a><a target="_blank" rel="noopener noreferrer" class="ant-upload-list-item-name ant-upload-list-item-name-icon-count-1" title="image.png" href="https://zos.alipayobjects.com/rmsportal/jkjgkEfvpUPVyRjUImniVslZfWPnJuuZ.png">image.png</a><!----></span></div><span class="ant-upload-list-item-actions"><a href="https://zos.alipayobjects.com/rmsportal/jkjgkEfvpUPVyRjUImniVslZfWPnJuuZ.png" target="_blank" rel="noopener noreferrer" title="Preview file"><span role="img" aria-label="eye" class="anticon anticon-eye"><svg class="" data-icon="eye" width="1em" height="1em" fill="currentColor" aria-hidden="true" viewBox="64 64 896 896" focusable="false"><path d="M942.2 486.2C847.4 286.5 704.1 186 512 186c-192.2 0-335.4 100.5-430.2 300.3a60.3 60.3 0 000 51.5C176.6 737.5 319.9 838 512 838c192.2 0 335.4-100.5 430.2-300.3 7.7-16.2 7.7-35 0-51.5zM512 766c-161.3 0-279.4-81.8-362.7-254C232.6 339.8 350.7 258 512 258c161.3 0 279.4 81.8 362.7 254C791.5 684.2 673.4 766 512 766zm-4-430c-97.2 0-176 78.8-176 176s78.8 176 176 176 176-78.8 176-176-78.8-176-176-176zm0 288c-61.9 0-112-50.1-112-112s50.1-112 112-112 112 50.1 112 112-50.1 112-112 112z"></path></svg></span></a>
<!----><span title="Remove file" tabindex="-1" role="img" aria-label="delete" class="anticon anticon-delete"><svg class="" data-icon="delete" width="1em" height="1em" fill="currentColor" aria-hidden="true" viewBox="64 64 896 896" focusable="false"><path d="M360 184h-8c4.4 0 8-3.6 8-8v8h304v-8c0 4.4 3.6 8 8 8h-8v72h72v-80c0-35.3-28.7-64-64-64H352c-35.3 0-64 28.7-64 64v80h72v-72zm504 72H160c-17.7 0-32 14.3-32 32v32c0 4.4 3.6 8 8 8h60.4l24.7 523c1.6 34.1 29.8 61 63.9 61h454c34.2 0 62.3-26.8 63.9-61l24.7-523H888c4.4 0 8-3.6 8-8v-32c0-17.7-14.3-32-32-32zM731.3 840H292.7l-24.2-512h487l-24.2 512z"></path></svg></span></span>
<!---->
</div></span></div>
<div class="ant-upload-list-picture-card-container ant-upload-animate-inline-enter"><span><div class="ant-upload-list-item ant-upload-list-item-done ant-upload-list-item-list-type-picture-card"><div class="ant-upload-list-item-info"><span><a class="ant-upload-list-item-thumbnail" href="https://zos.alipayobjects.com/rmsportal/jkjgkEfvpUPVyRjUImniVslZfWPnJuuZ.png" target="_blank" rel="noopener noreferrer"><img src="https://zos.alipayobjects.com/rmsportal/jkjgkEfvpUPVyRjUImniVslZfWPnJuuZ.png" alt="image.png" class="ant-upload-list-item-image"></a><a target="_blank" rel="noopener noreferrer" class="ant-upload-list-item-name ant-upload-list-item-name-icon-count-1" title="image.png" href="https://zos.alipayobjects.com/rmsportal/jkjgkEfvpUPVyRjUImniVslZfWPnJuuZ.png">image.png</a><!----></span></div><span class="ant-upload-list-item-actions"><a href="https://zos.alipayobjects.com/rmsportal/jkjgkEfvpUPVyRjUImniVslZfWPnJuuZ.png" target="_blank" rel="noopener noreferrer" title="Preview file"><span role="img" aria-label="eye" class="anticon anticon-eye"><svg class="" data-icon="eye" width="1em" height="1em" fill="currentColor" aria-hidden="true" viewBox="64 64 896 896" focusable="false"><path d="M942.2 486.2C847.4 286.5 704.1 186 512 186c-192.2 0-335.4 100.5-430.2 300.3a60.3 60.3 0 000 51.5C176.6 737.5 319.9 838 512 838c192.2 0 335.4-100.5 430.2-300.3 7.7-16.2 7.7-35 0-51.5zM512 766c-161.3 0-279.4-81.8-362.7-254C232.6 339.8 350.7 258 512 258c161.3 0 279.4 81.8 362.7 254C791.5 684.2 673.4 766 512 766zm-4-430c-97.2 0-176 78.8-176 176s78.8 176 176 176 176-78.8 176-176-78.8-176-176-176zm0 288c-61.9 0-112-50.1-112-112s50.1-112 112-112 112 50.1 112 112-50.1 112-112 112z"></path></svg></span></a>
<!----><span title="Remove file" tabindex="-1" role="img" aria-label="delete" class="anticon anticon-delete"><svg class="" data-icon="delete" width="1em" height="1em" fill="currentColor" aria-hidden="true" viewBox="64 64 896 896" focusable="false"><path d="M360 184h-8c4.4 0 8-3.6 8-8v8h304v-8c0 4.4 3.6 8 8 8h-8v72h72v-80c0-35.3-28.7-64-64-64H352c-35.3 0-64 28.7-64 64v80h72v-72zm504 72H160c-17.7 0-32 14.3-32 32v32c0 4.4 3.6 8 8 8h60.4l24.7 523c1.6 34.1 29.8 61 63.9 61h454c34.2 0 62.3-26.8 63.9-61l24.7-523H888c4.4 0 8-3.6 8-8v-32c0-17.7-14.3-32-32-32zM731.3 840H292.7l-24.2-512h487l-24.2 512z"></path></svg></span></span>
<!---->
</div></span></div>
<div class="ant-upload-list-picture-card-container ant-upload-animate-inline-enter"><span><div class="ant-upload-list-item ant-upload-list-item-done ant-upload-list-item-list-type-picture-card"><div class="ant-upload-list-item-info"><span><a class="ant-upload-list-item-thumbnail" href="https://zos.alipayobjects.com/rmsportal/jkjgkEfvpUPVyRjUImniVslZfWPnJuuZ.png" target="_blank" rel="noopener noreferrer"><img src="https://zos.alipayobjects.com/rmsportal/jkjgkEfvpUPVyRjUImniVslZfWPnJuuZ.png" alt="image.png" class="ant-upload-list-item-image"></a><a target="_blank" rel="noopener noreferrer" class="ant-upload-list-item-name ant-upload-list-item-name-icon-count-1" title="image.png" href="https://zos.alipayobjects.com/rmsportal/jkjgkEfvpUPVyRjUImniVslZfWPnJuuZ.png">image.png</a><!----></span></div><span class="ant-upload-list-item-actions"><a href="https://zos.alipayobjects.com/rmsportal/jkjgkEfvpUPVyRjUImniVslZfWPnJuuZ.png" target="_blank" rel="noopener noreferrer" title="Preview file"><span role="img" aria-label="eye" class="anticon anticon-eye"><svg class="" data-icon="eye" width="1em" height="1em" fill="currentColor" aria-hidden="true" viewBox="64 64 896 896" focusable="false"><path d="M942.2 486.2C847.4 286.5 704.1 186 512 186c-192.2 0-335.4 100.5-430.2 300.3a60.3 60.3 0 000 51.5C176.6 737.5 319.9 838 512 838c192.2 0 335.4-100.5 430.2-300.3 7.7-16.2 7.7-35 0-51.5zM512 766c-161.3 0-279.4-81.8-362.7-254C232.6 339.8 350.7 258 512 258c161.3 0 279.4 81.8 362.7 254C791.5 684.2 673.4 766 512 766zm-4-430c-97.2 0-176 78.8-176 176s78.8 176 176 176 176-78.8 176-176-78.8-176-176-176zm0 288c-61.9 0-112-50.1-112-112s50.1-112 112-112 112 50.1 112 112-50.1 112-112 112z"></path></svg></span></a>
<!----><span title="Remove file" tabindex="-1" role="img" aria-label="delete" class="anticon anticon-delete"><svg class="" data-icon="delete" width="1em" height="1em" fill="currentColor" aria-hidden="true" viewBox="64 64 896 896" focusable="false"><path d="M360 184h-8c4.4 0 8-3.6 8-8v8h304v-8c0 4.4 3.6 8 8 8h-8v72h72v-80c0-35.3-28.7-64-64-64H352c-35.3 0-64 28.7-64 64v80h72v-72zm504 72H160c-17.7 0-32 14.3-32 32v32c0 4.4 3.6 8 8 8h60.4l24.7 523c1.6 34.1 29.8 61 63.9 61h454c34.2 0 62.3-26.8 63.9-61l24.7-523H888c4.4 0 8-3.6 8-8v-32c0-17.7-14.3-32-32-32zM731.3 840H292.7l-24.2-512h487l-24.2 512z"></path></svg></span></span>
<!---->
</div></span></div>
<div class="ant-upload-list-picture-card-container ant-upload-animate-inline-enter">
  <!---->
  <div class="ant-upload-list-item ant-upload-list-item-error ant-upload-list-item-list-type-picture-card">
    <div class="ant-upload-list-item-info"><span><span role="img" aria-label="picture" class="anticon anticon-picture ant-upload-list-item-thumbnail"><svg class="" data-icon="picture" width="1em" height="1em" fill="currentColor" aria-hidden="true" viewBox="64 64 896 896" focusable="false"><path d="M928 160H96c-17.7 0-32 14.3-32 32v640c0 17.7 14.3 32 32 32h832c17.7 0 32-14.3 32-32V192c0-17.7-14.3-32-32-32zm-40 632H136v-39.9l138.5-164.3 150.1 178L658.1 489 888 761.6V792zm0-129.8L664.2 396.8c-3.2-3.8-9-3.8-12.2 0L424.6 666.4l-144-170.7c-3.2-3.8-9-3.8-12.2 0L136 652.7V232h752v430.2z" fill="#1890ff"></path><path d="M424.6 765.8l-150.1-178L136 752.1V792h752v-30.4L658.1 489z" fill="#e6f7ff"></path><path d="M136 652.7l132.4-157c3.2-3.8 9-3.8 12.2 0l144 170.7L652 396.8c3.2-3.8 9-3.8 12.2 0L888 662.2V232H136v420.7zM304 280a88 88 0 110 176 88 88 0 010-176z" fill="#e6f7ff"></path><path d="M276 368a28 28 0 1056 0 28 28 0 10-56 0z" fill="#e6f7ff"></path><path d="M304 456a88 88 0 100-176 88 88 0 000 176zm0-116c15.5 0 28 12.5 28 28s-12.5 28-28 28-28-12.5-28-28 12.5-28 28-28z" fill="#1890ff"></path></svg></span><span class="ant-upload-list-item-name" title="image.png">image.png</span>
      <!----></span>
    </div><span class="ant-upload-list-item-actions"><a target="_blank" rel="noopener noreferrer" style="pointer-events: none; opacity: 0.5;" title="Preview file"><span role="img" aria-label="eye" class="anticon anticon-eye"><svg class="" data-icon="eye" width="1em" height="1em" fill="currentColor" aria-hidden="true" viewBox="64 64 896 896" focusable="false"><path d="M942.2 486.2C847.4 286.5 704.1 186 512 186c-192.2 0-335.4 100.5-430.2 300.3a60.3 60.3 0 000 51.5C176.6 737.5 319.9 838 512 838c192.2 0 335.4-100.5 430.2-300.3 7.7-16.2 7.7-35 0-51.5zM512 766c-161.3 0-279.4-81.8-362.7-254C232.6 339.8 350.7 258 512 258c161.3 0 279.4 81.8 362.7 254C791.5 684.2 673.4 766 512 766zm-4-430c-97.2 0-176 78.8-176 176s78.8 176 176 176 176-78.8 176-176-78.8-176-176-176zm0 288c-61.9 0-112-50.1-112-112s50.1-112 112-112 112 50.1 112 112-50.1 112-112 112z"></path></svg></span></a>
    <!----><span title="Remove file" tabindex="-1" role="img" aria-label="delete" class="anticon anticon-delete"><svg class="" data-icon="delete" width="1em" height="1em" fill="currentColor" aria-hidden="true" viewBox="64 64 896 896" focusable="false"><path d="M360 184h-8c4.4 0 8-3.6 8-8v8h304v-8c0 4.4 3.6 8 8 8h-8v72h72v-80c0-35.3-28.7-64-64-64H352c-35.3 0-64 28.7-64 64v80h72v-72zm504 72H160c-17.7 0-32 14.3-32 32v32c0 4.4 3.6 8 8 8h60.4l24.7 523c1.6 34.1 29.8 61 63.9 61h454c34.2 0 62.3-26.8 63.9-61l24.7-523H888c4.4 0 8-3.6 8-8v-32c0-17.7-14.3-32-32-32zM731.3 840H292.7l-24.2-512h487l-24.2 512z"></path></svg></span></span>
    <!---->
  </div>
</div>
</div>
<div class="ant-upload ant-upload-select ant-upload-select-picture-card">
  <!---->
</div></span>
<!---->
</div>
`;

exports[`renders ./antdv-demo/docs/upload/demo/picture-style.md correctly 1`] = `
<div><span class=""><div class="ant-upload ant-upload-select ant-upload-select-picture"><!----></div><div class="ant-upload-list ant-upload-list-picture"><div class="ant-upload-animate-enter"><span><div class="ant-upload-list-item ant-upload-list-item-done ant-upload-list-item-list-type-picture"><div class="ant-upload-list-item-info"><span><a class="ant-upload-list-item-thumbnail" href="https://zos.alipayobjects.com/rmsportal/jkjgkEfvpUPVyRjUImniVslZfWPnJuuZ.png" target="_blank" rel="noopener noreferrer"><img src="https://zos.alipayobjects.com/rmsportal/jkjgkEfvpUPVyRjUImniVslZfWPnJuuZ.png" alt="xxx.png" class="ant-upload-list-item-image"></a><a target="_blank" rel="noopener noreferrer" class="ant-upload-list-item-name ant-upload-list-item-name-icon-count-1" title="xxx.png" href="https://zos.alipayobjects.com/rmsportal/jkjgkEfvpUPVyRjUImniVslZfWPnJuuZ.png">xxx.png</a><span class="ant-upload-list-item-card-actions picture"><!----><a title="Remove file"><span title="Remove file" tabindex="-1" role="img" aria-label="delete" class="anticon anticon-delete"><svg class="" data-icon="delete" width="1em" height="1em" fill="currentColor" aria-hidden="true" viewBox="64 64 896 896" focusable="false"><path d="M360 184h-8c4.4 0 8-3.6 8-8v8h304v-8c0 4.4 3.6 8 8 8h-8v72h72v-80c0-35.3-28.7-64-64-64H352c-35.3 0-64 28.7-64 64v80h72v-72zm504 72H160c-17.7 0-32 14.3-32 32v32c0 4.4 3.6 8 8 8h60.4l24.7 523c1.6 34.1 29.8 61 63.9 61h454c34.2 0 62.3-26.8 63.9-61l24.7-523H888c4.4 0 8-3.6 8-8v-32c0-17.7-14.3-32-32-32zM731.3 840H292.7l-24.2-512h487l-24.2 512z"></path></svg></span></a></span></span></div>
<!---->
<!---->
</div></span></div>
<div class="ant-upload-animate-enter"><span><div class="ant-upload-list-item ant-upload-list-item-done ant-upload-list-item-list-type-picture"><div class="ant-upload-list-item-info"><span><a class="ant-upload-list-item-thumbnail" href="https://zos.alipayobjects.com/rmsportal/jkjgkEfvpUPVyRjUImniVslZfWPnJuuZ.png" target="_blank" rel="noopener noreferrer"><img src="https://zos.alipayobjects.com/rmsportal/jkjgkEfvpUPVyRjUImniVslZfWPnJuuZ.png" alt="yyy.png" class="ant-upload-list-item-image"></a><a target="_blank" rel="noopener noreferrer" class="ant-upload-list-item-name ant-upload-list-item-name-icon-count-1" title="yyy.png" href="https://zos.alipayobjects.com/rmsportal/jkjgkEfvpUPVyRjUImniVslZfWPnJuuZ.png">yyy.png</a><span class="ant-upload-list-item-card-actions picture"><!----><a title="Remove file"><span title="Remove file" tabindex="-1" role="img" aria-label="delete" class="anticon anticon-delete"><svg class="" data-icon="delete" width="1em" height="1em" fill="currentColor" aria-hidden="true" viewBox="64 64 896 896" focusable="false"><path d="M360 184h-8c4.4 0 8-3.6 8-8v8h304v-8c0 4.4 3.6 8 8 8h-8v72h72v-80c0-35.3-28.7-64-64-64H352c-35.3 0-64 28.7-64 64v80h72v-72zm504 72H160c-17.7 0-32 14.3-32 32v32c0 4.4 3.6 8 8 8h60.4l24.7 523c1.6 34.1 29.8 61 63.9 61h454c34.2 0 62.3-26.8 63.9-61l24.7-523H888c4.4 0 8-3.6 8-8v-32c0-17.7-14.3-32-32-32zM731.3 840H292.7l-24.2-512h487l-24.2 512z"></path></svg></span></a></span></span></div>
<!---->
<!---->
</div></span></div>
</div></span><br><br><span class="upload-list-inline"><div class="ant-upload ant-upload-select ant-upload-select-picture"><!----></div><div class="ant-upload-list ant-upload-list-picture"><div class="ant-upload-animate-enter"><span><div class="ant-upload-list-item ant-upload-list-item-done ant-upload-list-item-list-type-picture"><div class="ant-upload-list-item-info"><span><a class="ant-upload-list-item-thumbnail" href="https://zos.alipayobjects.com/rmsportal/jkjgkEfvpUPVyRjUImniVslZfWPnJuuZ.png" target="_blank" rel="noopener noreferrer"><img src="https://zos.alipayobjects.com/rmsportal/jkjgkEfvpUPVyRjUImniVslZfWPnJuuZ.png" alt="xxx.png" class="ant-upload-list-item-image"></a><a target="_blank" rel="noopener noreferrer" class="ant-upload-list-item-name ant-upload-list-item-name-icon-count-1" title="xxx.png" href="https://zos.alipayobjects.com/rmsportal/jkjgkEfvpUPVyRjUImniVslZfWPnJuuZ.png">xxx.png</a><span class="ant-upload-list-item-card-actions picture"><!----><a title="Remove file"><span title="Remove file" tabindex="-1" role="img" aria-label="delete" class="anticon anticon-delete"><svg class="" data-icon="delete" width="1em" height="1em" fill="currentColor" aria-hidden="true" viewBox="64 64 896 896" focusable="false"><path d="M360 184h-8c4.4 0 8-3.6 8-8v8h304v-8c0 4.4 3.6 8 8 8h-8v72h72v-80c0-35.3-28.7-64-64-64H352c-35.3 0-64 28.7-64 64v80h72v-72zm504 72H160c-17.7 0-32 14.3-32 32v32c0 4.4 3.6 8 8 8h60.4l24.7 523c1.6 34.1 29.8 61 63.9 61h454c34.2 0 62.3-26.8 63.9-61l24.7-523H888c4.4 0 8-3.6 8-8v-32c0-17.7-14.3-32-32-32zM731.3 840H292.7l-24.2-512h487l-24.2 512z"></path></svg></span></a></span></span></div>
<!---->
<!---->
</div></span></div>
<div class="ant-upload-animate-enter"><span><div class="ant-upload-list-item ant-upload-list-item-done ant-upload-list-item-list-type-picture"><div class="ant-upload-list-item-info"><span><a class="ant-upload-list-item-thumbnail" href="https://zos.alipayobjects.com/rmsportal/jkjgkEfvpUPVyRjUImniVslZfWPnJuuZ.png" target="_blank" rel="noopener noreferrer"><img src="https://zos.alipayobjects.com/rmsportal/jkjgkEfvpUPVyRjUImniVslZfWPnJuuZ.png" alt="yyy.png" class="ant-upload-list-item-image"></a><a target="_blank" rel="noopener noreferrer" class="ant-upload-list-item-name ant-upload-list-item-name-icon-count-1" title="yyy.png" href="https://zos.alipayobjects.com/rmsportal/jkjgkEfvpUPVyRjUImniVslZfWPnJuuZ.png">yyy.png</a><span class="ant-upload-list-item-card-actions picture"><!----><a title="Remove file"><span title="Remove file" tabindex="-1" role="img" aria-label="delete" class="anticon anticon-delete"><svg class="" data-icon="delete" width="1em" height="1em" fill="currentColor" aria-hidden="true" viewBox="64 64 896 896" focusable="false"><path d="M360 184h-8c4.4 0 8-3.6 8-8v8h304v-8c0 4.4 3.6 8 8 8h-8v72h72v-80c0-35.3-28.7-64-64-64H352c-35.3 0-64 28.7-64 64v80h72v-72zm504 72H160c-17.7 0-32 14.3-32 32v32c0 4.4 3.6 8 8 8h60.4l24.7 523c1.6 34.1 29.8 61 63.9 61h454c34.2 0 62.3-26.8 63.9-61l24.7-523H888c4.4 0 8-3.6 8-8v-32c0-17.7-14.3-32-32-32zM731.3 840H292.7l-24.2-512h487l-24.2 512z"></path></svg></span></a></span></span></div>
<!---->
<!---->
</div></span></div>
</div></span></div>
`;

exports[`renders ./antdv-demo/docs/upload/demo/preview-file.md correctly 1`] = `<div><span class=""><div class="ant-upload ant-upload-select ant-upload-select-picture"><!----></div><div class="ant-upload-list ant-upload-list-picture"></div></span></div>`;

exports[`renders ./antdv-demo/docs/upload/demo/transform-file.md correctly 1`] = `<div><span class=""><div class="ant-upload ant-upload-select ant-upload-select-text"><!----></div><div class="ant-upload-list ant-upload-list-text"></div></span></div>`;

exports[`renders ./antdv-demo/docs/upload/demo/upload-manually.md correctly 1`] = `
<div class="clearfix"><span class=""><div class="ant-upload ant-upload-select ant-upload-select-text"><!----></div><div class="ant-upload-list ant-upload-list-text"></div></span><button style="margin-top: 16px;" disabled="" class="ant-btn ant-btn-primary" type="button">
    <!----><span>Start Upload</span>
  </button></div>
`;
