// Jest Snapshot v1, https://goo.gl/fbAQLP

exports[`renders ./antdv-demo/docs/time-picker/demo/12hours.md correctly 1`] = `<div><span class="ant-time-picker"><input type="text" placeholder="Select time" class="ant-time-picker-input"><span class="ant-time-picker-icon"><span role="img" aria-label="clock-circle" class="anticon anticon-clock-circle ant-time-picker-clock-icon"><svg viewBox="64 64 896 896" focusable="false" data-icon="clock-circle" width="1em" height="1em" fill="currentColor" aria-hidden="true" class=""><path d="M512 64C264.6 64 64 264.6 64 512s200.6 448 448 448 448-200.6 448-448S759.4 64 512 64zm0 820c-205.4 0-372-166.6-372-372s166.6-372 372-372 372 166.6 372 372-166.6 372-372 372z"></path><path d="M686.7 638.6L544.1 535.5V288c0-4.4-3.6-8-8-8H488c-4.4 0-8 3.6-8 8v275.4c0 2.6 1.2 5 3.3 6.5l165.4 120.6c3.6 2.6 8.6 1.8 11.2-1.7l28.6-39c2.6-3.7 1.8-8.7-1.8-11.2z"></path></svg></span></span></span> <span class="ant-time-picker"><input type="text" placeholder="Select time" class="ant-time-picker-input"><span class="ant-time-picker-icon"><span role="img" aria-label="clock-circle" class="anticon anticon-clock-circle ant-time-picker-clock-icon"><svg viewBox="64 64 896 896" focusable="false" data-icon="clock-circle" width="1em" height="1em" fill="currentColor" aria-hidden="true" class=""><path d="M512 64C264.6 64 64 264.6 64 512s200.6 448 448 448 448-200.6 448-448S759.4 64 512 64zm0 820c-205.4 0-372-166.6-372-372s166.6-372 372-372 372 166.6 372 372-166.6 372-372 372z"></path><path d="M686.7 638.6L544.1 535.5V288c0-4.4-3.6-8-8-8H488c-4.4 0-8 3.6-8 8v275.4c0 2.6 1.2 5 3.3 6.5l165.4 120.6c3.6 2.6 8.6 1.8 11.2-1.7l28.6-39c2.6-3.7 1.8-8.7-1.8-11.2z"></path></svg></span></span></span> <span class="ant-time-picker"><input type="text" placeholder="Select time" class="ant-time-picker-input"><span class="ant-time-picker-icon"><span role="img" aria-label="clock-circle" class="anticon anticon-clock-circle ant-time-picker-clock-icon"><svg viewBox="64 64 896 896" focusable="false" data-icon="clock-circle" width="1em" height="1em" fill="currentColor" aria-hidden="true" class=""><path d="M512 64C264.6 64 64 264.6 64 512s200.6 448 448 448 448-200.6 448-448S759.4 64 512 64zm0 820c-205.4 0-372-166.6-372-372s166.6-372 372-372 372 166.6 372 372-166.6 372-372 372z"></path><path d="M686.7 638.6L544.1 535.5V288c0-4.4-3.6-8-8-8H488c-4.4 0-8 3.6-8 8v275.4c0 2.6 1.2 5 3.3 6.5l165.4 120.6c3.6 2.6 8.6 1.8 11.2-1.7l28.6-39c2.6-3.7 1.8-8.7-1.8-11.2z"></path></svg></span></span></span></div>`;

exports[`renders ./antdv-demo/docs/time-picker/demo/addon.md correctly 1`] = `<div><span class="ant-time-picker"><input type="text" placeholder="Select time" class="ant-time-picker-input"><span class="ant-time-picker-icon"><span role="img" aria-label="clock-circle" class="anticon anticon-clock-circle ant-time-picker-clock-icon"><svg viewBox="64 64 896 896" focusable="false" data-icon="clock-circle" width="1em" height="1em" fill="currentColor" aria-hidden="true" class=""><path d="M512 64C264.6 64 64 264.6 64 512s200.6 448 448 448 448-200.6 448-448S759.4 64 512 64zm0 820c-205.4 0-372-166.6-372-372s166.6-372 372-372 372 166.6 372 372-166.6 372-372 372z"></path><path d="M686.7 638.6L544.1 535.5V288c0-4.4-3.6-8-8-8H488c-4.4 0-8 3.6-8 8v275.4c0 2.6 1.2 5 3.3 6.5l165.4 120.6c3.6 2.6 8.6 1.8 11.2-1.7l28.6-39c2.6-3.7 1.8-8.7-1.8-11.2z"></path></svg></span></span></span> <span class="ant-time-picker"><input type="text" placeholder="Select time" class="ant-time-picker-input"><span class="ant-time-picker-icon"><span role="img" aria-label="clock-circle" class="anticon anticon-clock-circle ant-time-picker-clock-icon"><svg viewBox="64 64 896 896" focusable="false" data-icon="clock-circle" width="1em" height="1em" fill="currentColor" aria-hidden="true" class=""><path d="M512 64C264.6 64 64 264.6 64 512s200.6 448 448 448 448-200.6 448-448S759.4 64 512 64zm0 820c-205.4 0-372-166.6-372-372s166.6-372 372-372 372 166.6 372 372-166.6 372-372 372z"></path><path d="M686.7 638.6L544.1 535.5V288c0-4.4-3.6-8-8-8H488c-4.4 0-8 3.6-8 8v275.4c0 2.6 1.2 5 3.3 6.5l165.4 120.6c3.6 2.6 8.6 1.8 11.2-1.7l28.6-39c2.6-3.7 1.8-8.7-1.8-11.2z"></path></svg></span></span></span></div>`;

exports[`renders ./antdv-demo/docs/time-picker/demo/basic.md correctly 1`] = `<span class="ant-time-picker"><input type="text" placeholder="Select time" class="ant-time-picker-input"><span class="ant-time-picker-icon"><span role="img" aria-label="clock-circle" class="anticon anticon-clock-circle ant-time-picker-clock-icon"><svg viewBox="64 64 896 896" focusable="false" data-icon="clock-circle" width="1em" height="1em" fill="currentColor" aria-hidden="true" class=""><path d="M512 64C264.6 64 64 264.6 64 512s200.6 448 448 448 448-200.6 448-448S759.4 64 512 64zm0 820c-205.4 0-372-166.6-372-372s166.6-372 372-372 372 166.6 372 372-166.6 372-372 372z"></path><path d="M686.7 638.6L544.1 535.5V288c0-4.4-3.6-8-8-8H488c-4.4 0-8 3.6-8 8v275.4c0 2.6 1.2 5 3.3 6.5l165.4 120.6c3.6 2.6 8.6 1.8 11.2-1.7l28.6-39c2.6-3.7 1.8-8.7-1.8-11.2z"></path></svg></span></span></span>`;

exports[`renders ./antdv-demo/docs/time-picker/demo/disabled.md correctly 1`] = `<span class="ant-time-picker"><input type="text" placeholder="Select time" disabled="disabled" class="ant-time-picker-input"><span class="ant-time-picker-icon"><span role="img" aria-label="clock-circle" class="anticon anticon-clock-circle ant-time-picker-clock-icon"><svg viewBox="64 64 896 896" focusable="false" data-icon="clock-circle" width="1em" height="1em" fill="currentColor" aria-hidden="true" class=""><path d="M512 64C264.6 64 64 264.6 64 512s200.6 448 448 448 448-200.6 448-448S759.4 64 512 64zm0 820c-205.4 0-372-166.6-372-372s166.6-372 372-372 372 166.6 372 372-166.6 372-372 372z"></path><path d="M686.7 638.6L544.1 535.5V288c0-4.4-3.6-8-8-8H488c-4.4 0-8 3.6-8 8v275.4c0 2.6 1.2 5 3.3 6.5l165.4 120.6c3.6 2.6 8.6 1.8 11.2-1.7l28.6-39c2.6-3.7 1.8-8.7-1.8-11.2z"></path></svg></span></span></span>`;

exports[`renders ./antdv-demo/docs/time-picker/demo/hide-column.md correctly 1`] = `<span class="ant-time-picker"><input type="text" placeholder="Select time" class="ant-time-picker-input"><span class="ant-time-picker-icon"><span role="img" aria-label="clock-circle" class="anticon anticon-clock-circle ant-time-picker-clock-icon"><svg viewBox="64 64 896 896" focusable="false" data-icon="clock-circle" width="1em" height="1em" fill="currentColor" aria-hidden="true" class=""><path d="M512 64C264.6 64 64 264.6 64 512s200.6 448 448 448 448-200.6 448-448S759.4 64 512 64zm0 820c-205.4 0-372-166.6-372-372s166.6-372 372-372 372 166.6 372 372-166.6 372-372 372z"></path><path d="M686.7 638.6L544.1 535.5V288c0-4.4-3.6-8-8-8H488c-4.4 0-8 3.6-8 8v275.4c0 2.6 1.2 5 3.3 6.5l165.4 120.6c3.6 2.6 8.6 1.8 11.2-1.7l28.6-39c2.6-3.7 1.8-8.7-1.8-11.2z"></path></svg></span></span><span role="img" aria-label="close-circle" class="anticon anticon-close-circle ant-time-picker-clear"><svg viewBox="64 64 896 896" focusable="false" data-icon="close-circle" width="1em" height="1em" fill="currentColor" aria-hidden="true" class=""><path d="M512 64C264.6 64 64 264.6 64 512s200.6 448 448 448 448-200.6 448-448S759.4 64 512 64zm165.4 618.2l-66-.3L512 563.4l-99.3 118.4-66.1.3c-4.4 0-8-3.5-8-8 0-1.9.7-3.7 1.9-5.2l130.1-155L340.5 359a8.32 8.32 0 01-1.9-5.2c0-4.4 3.6-8 8-8l66.1.3L512 464.6l99.3-118.4 66-.3c4.4 0 8 3.5 8 8 0 1.9-.7 3.7-1.9 5.2L553.5 514l130 155c1.2 1.5 1.9 3.3 1.9 5.2 0 4.4-3.6 8-8 8z"></path></svg></span></span>`;

exports[`renders ./antdv-demo/docs/time-picker/demo/interval-options.md correctly 1`] = `<span class="ant-time-picker"><input type="text" placeholder="Select time" class="ant-time-picker-input"><span class="ant-time-picker-icon"><span role="img" aria-label="clock-circle" class="anticon anticon-clock-circle ant-time-picker-clock-icon"><svg viewBox="64 64 896 896" focusable="false" data-icon="clock-circle" width="1em" height="1em" fill="currentColor" aria-hidden="true" class=""><path d="M512 64C264.6 64 64 264.6 64 512s200.6 448 448 448 448-200.6 448-448S759.4 64 512 64zm0 820c-205.4 0-372-166.6-372-372s166.6-372 372-372 372 166.6 372 372-166.6 372-372 372z"></path><path d="M686.7 638.6L544.1 535.5V288c0-4.4-3.6-8-8-8H488c-4.4 0-8 3.6-8 8v275.4c0 2.6 1.2 5 3.3 6.5l165.4 120.6c3.6 2.6 8.6 1.8 11.2-1.7l28.6-39c2.6-3.7 1.8-8.7-1.8-11.2z"></path></svg></span></span></span>`;

exports[`renders ./antdv-demo/docs/time-picker/demo/size.md correctly 1`] = `<div><span class="ant-time-picker ant-time-picker-large"><input type="text" placeholder="Select time" class="ant-time-picker-input"><span class="ant-time-picker-icon"><span role="img" aria-label="clock-circle" class="anticon anticon-clock-circle ant-time-picker-clock-icon"><svg viewBox="64 64 896 896" focusable="false" data-icon="clock-circle" width="1em" height="1em" fill="currentColor" aria-hidden="true" class=""><path d="M512 64C264.6 64 64 264.6 64 512s200.6 448 448 448 448-200.6 448-448S759.4 64 512 64zm0 820c-205.4 0-372-166.6-372-372s166.6-372 372-372 372 166.6 372 372-166.6 372-372 372z"></path><path d="M686.7 638.6L544.1 535.5V288c0-4.4-3.6-8-8-8H488c-4.4 0-8 3.6-8 8v275.4c0 2.6 1.2 5 3.3 6.5l165.4 120.6c3.6 2.6 8.6 1.8 11.2-1.7l28.6-39c2.6-3.7 1.8-8.7-1.8-11.2z"></path></svg></span></span><span role="img" aria-label="close-circle" class="anticon anticon-close-circle ant-time-picker-clear"><svg viewBox="64 64 896 896" focusable="false" data-icon="close-circle" width="1em" height="1em" fill="currentColor" aria-hidden="true" class=""><path d="M512 64C264.6 64 64 264.6 64 512s200.6 448 448 448 448-200.6 448-448S759.4 64 512 64zm165.4 618.2l-66-.3L512 563.4l-99.3 118.4-66.1.3c-4.4 0-8-3.5-8-8 0-1.9.7-3.7 1.9-5.2l130.1-155L340.5 359a8.32 8.32 0 01-1.9-5.2c0-4.4 3.6-8 8-8l66.1.3L512 464.6l99.3-118.4 66-.3c4.4 0 8 3.5 8 8 0 1.9-.7 3.7-1.9 5.2L553.5 514l130 155c1.2 1.5 1.9 3.3 1.9 5.2 0 4.4-3.6 8-8 8z"></path></svg></span></span> <span class="ant-time-picker"><input type="text" placeholder="Select time" class="ant-time-picker-input"><span class="ant-time-picker-icon"><span role="img" aria-label="clock-circle" class="anticon anticon-clock-circle ant-time-picker-clock-icon"><svg viewBox="64 64 896 896" focusable="false" data-icon="clock-circle" width="1em" height="1em" fill="currentColor" aria-hidden="true" class=""><path d="M512 64C264.6 64 64 264.6 64 512s200.6 448 448 448 448-200.6 448-448S759.4 64 512 64zm0 820c-205.4 0-372-166.6-372-372s166.6-372 372-372 372 166.6 372 372-166.6 372-372 372z"></path><path d="M686.7 638.6L544.1 535.5V288c0-4.4-3.6-8-8-8H488c-4.4 0-8 3.6-8 8v275.4c0 2.6 1.2 5 3.3 6.5l165.4 120.6c3.6 2.6 8.6 1.8 11.2-1.7l28.6-39c2.6-3.7 1.8-8.7-1.8-11.2z"></path></svg></span></span><span role="img" aria-label="close-circle" class="anticon anticon-close-circle ant-time-picker-clear"><svg viewBox="64 64 896 896" focusable="false" data-icon="close-circle" width="1em" height="1em" fill="currentColor" aria-hidden="true" class=""><path d="M512 64C264.6 64 64 264.6 64 512s200.6 448 448 448 448-200.6 448-448S759.4 64 512 64zm165.4 618.2l-66-.3L512 563.4l-99.3 118.4-66.1.3c-4.4 0-8-3.5-8-8 0-1.9.7-3.7 1.9-5.2l130.1-155L340.5 359a8.32 8.32 0 01-1.9-5.2c0-4.4 3.6-8 8-8l66.1.3L512 464.6l99.3-118.4 66-.3c4.4 0 8 3.5 8 8 0 1.9-.7 3.7-1.9 5.2L553.5 514l130 155c1.2 1.5 1.9 3.3 1.9 5.2 0 4.4-3.6 8-8 8z"></path></svg></span></span> <span class="ant-time-picker ant-time-picker-small"><input type="text" placeholder="Select time" class="ant-time-picker-input"><span class="ant-time-picker-icon"><span role="img" aria-label="clock-circle" class="anticon anticon-clock-circle ant-time-picker-clock-icon"><svg viewBox="64 64 896 896" focusable="false" data-icon="clock-circle" width="1em" height="1em" fill="currentColor" aria-hidden="true" class=""><path d="M512 64C264.6 64 64 264.6 64 512s200.6 448 448 448 448-200.6 448-448S759.4 64 512 64zm0 820c-205.4 0-372-166.6-372-372s166.6-372 372-372 372 166.6 372 372-166.6 372-372 372z"></path><path d="M686.7 638.6L544.1 535.5V288c0-4.4-3.6-8-8-8H488c-4.4 0-8 3.6-8 8v275.4c0 2.6 1.2 5 3.3 6.5l165.4 120.6c3.6 2.6 8.6 1.8 11.2-1.7l28.6-39c2.6-3.7 1.8-8.7-1.8-11.2z"></path></svg></span></span><span role="img" aria-label="close-circle" class="anticon anticon-close-circle ant-time-picker-clear"><svg viewBox="64 64 896 896" focusable="false" data-icon="close-circle" width="1em" height="1em" fill="currentColor" aria-hidden="true" class=""><path d="M512 64C264.6 64 64 264.6 64 512s200.6 448 448 448 448-200.6 448-448S759.4 64 512 64zm165.4 618.2l-66-.3L512 563.4l-99.3 118.4-66.1.3c-4.4 0-8-3.5-8-8 0-1.9.7-3.7 1.9-5.2l130.1-155L340.5 359a8.32 8.32 0 01-1.9-5.2c0-4.4 3.6-8 8-8l66.1.3L512 464.6l99.3-118.4 66-.3c4.4 0 8 3.5 8 8 0 1.9-.7 3.7-1.9 5.2L553.5 514l130 155c1.2 1.5 1.9 3.3 1.9 5.2 0 4.4-3.6 8-8 8z"></path></svg></span></span></div>`;

exports[`renders ./antdv-demo/docs/time-picker/demo/suffix.md correctly 1`] = `<span class="ant-time-picker"><input type="text" placeholder="Select time" class="ant-time-picker-input"><span class="ant-time-picker-icon"><span role="img" aria-label="clock-circle" class="anticon anticon-clock-circle ant-time-picker-clock-icon"><svg viewBox="64 64 896 896" focusable="false" data-icon="clock-circle" width="1em" height="1em" fill="currentColor" aria-hidden="true" class=""><path d="M512 64C264.6 64 64 264.6 64 512s200.6 448 448 448 448-200.6 448-448S759.4 64 512 64zm0 820c-205.4 0-372-166.6-372-372s166.6-372 372-372 372 166.6 372 372-166.6 372-372 372z"></path><path d="M686.7 638.6L544.1 535.5V288c0-4.4-3.6-8-8-8H488c-4.4 0-8 3.6-8 8v275.4c0 2.6 1.2 5 3.3 6.5l165.4 120.6c3.6 2.6 8.6 1.8 11.2-1.7l28.6-39c2.6-3.7 1.8-8.7-1.8-11.2z"></path></svg></span></span></span>`;

exports[`renders ./antdv-demo/docs/time-picker/demo/value.md correctly 1`] = `
<div>
  <p>use value and @change</p> <span class="ant-time-picker"><input type="text" placeholder="Select time" class="ant-time-picker-input"><span class="ant-time-picker-icon"><span role="img" aria-label="clock-circle" class="anticon anticon-clock-circle ant-time-picker-clock-icon"><svg viewBox="64 64 896 896" focusable="false" data-icon="clock-circle" width="1em" height="1em" fill="currentColor" aria-hidden="true" class=""><path d="M512 64C264.6 64 64 264.6 64 512s200.6 448 448 448 448-200.6 448-448S759.4 64 512 64zm0 820c-205.4 0-372-166.6-372-372s166.6-372 372-372 372 166.6 372 372-166.6 372-372 372z"></path><path d="M686.7 638.6L544.1 535.5V288c0-4.4-3.6-8-8-8H488c-4.4 0-8 3.6-8 8v275.4c0 2.6 1.2 5 3.3 6.5l165.4 120.6c3.6 2.6 8.6 1.8 11.2-1.7l28.6-39c2.6-3.7 1.8-8.7-1.8-11.2z"></path></svg></span></span></span> <br> <br>
  <p>v-model</p> <span class="ant-time-picker"><input type="text" placeholder="Select time" class="ant-time-picker-input"><span class="ant-time-picker-icon"><span role="img" aria-label="clock-circle" class="anticon anticon-clock-circle ant-time-picker-clock-icon"><svg viewBox="64 64 896 896" focusable="false" data-icon="clock-circle" width="1em" height="1em" fill="currentColor" aria-hidden="true" class=""><path d="M512 64C264.6 64 64 264.6 64 512s200.6 448 448 448 448-200.6 448-448S759.4 64 512 64zm0 820c-205.4 0-372-166.6-372-372s166.6-372 372-372 372 166.6 372 372-166.6 372-372 372z"></path><path d="M686.7 638.6L544.1 535.5V288c0-4.4-3.6-8-8-8H488c-4.4 0-8 3.6-8 8v275.4c0 2.6 1.2 5 3.3 6.5l165.4 120.6c3.6 2.6 8.6 1.8 11.2-1.7l28.6-39c2.6-3.7 1.8-8.7-1.8-11.2z"></path></svg></span></span></span> <br> <br>
  <p>Do not change</p> <span class="ant-time-picker"><input type="text" placeholder="Select time" class="ant-time-picker-input"><span class="ant-time-picker-icon"><span role="img" aria-label="clock-circle" class="anticon anticon-clock-circle ant-time-picker-clock-icon"><svg viewBox="64 64 896 896" focusable="false" data-icon="clock-circle" width="1em" height="1em" fill="currentColor" aria-hidden="true" class=""><path d="M512 64C264.6 64 64 264.6 64 512s200.6 448 448 448 448-200.6 448-448S759.4 64 512 64zm0 820c-205.4 0-372-166.6-372-372s166.6-372 372-372 372 166.6 372 372-166.6 372-372 372z"></path><path d="M686.7 638.6L544.1 535.5V288c0-4.4-3.6-8-8-8H488c-4.4 0-8 3.6-8 8v275.4c0 2.6 1.2 5 3.3 6.5l165.4 120.6c3.6 2.6 8.6 1.8 11.2-1.7l28.6-39c2.6-3.7 1.8-8.7-1.8-11.2z"></path></svg></span></span><span role="img" aria-label="close-circle" class="anticon anticon-close-circle ant-time-picker-clear"><svg viewBox="64 64 896 896" focusable="false" data-icon="close-circle" width="1em" height="1em" fill="currentColor" aria-hidden="true" class=""><path d="M512 64C264.6 64 64 264.6 64 512s200.6 448 448 448 448-200.6 448-448S759.4 64 512 64zm165.4 618.2l-66-.3L512 563.4l-99.3 118.4-66.1.3c-4.4 0-8-3.5-8-8 0-1.9.7-3.7 1.9-5.2l130.1-155L340.5 359a8.32 8.32 0 01-1.9-5.2c0-4.4 3.6-8 8-8l66.1.3L512 464.6l99.3-118.4 66-.3c4.4 0 8 3.5 8 8 0 1.9-.7 3.7-1.9 5.2L553.5 514l130 155c1.2 1.5 1.9 3.3 1.9 5.2 0 4.4-3.6 8-8 8z"></path></svg></span></span>
</div>
`;
