// Jest Snapshot v1, https://goo.gl/fbAQLP

exports[`renders ./components/switch/demo/basic.md correctly 1`] = `<div><button type="button" role="switch" aria-checked="true" class="ant-switch ant-switch-checked"><span class="ant-switch-inner"></span></button></div>`;

exports[`renders ./components/switch/demo/disabled.md correctly 1`] = `<div><button type="button" role="switch" aria-checked="true" disabled="disabled" class="ant-switch ant-switch-checked ant-switch-disabled" style="margin-bottom: 5px;"><span class="ant-switch-inner"></span></button> <br> <button type="button" class="ant-btn ant-btn-primary"><span>Toggle disabled</span></button></div>`;

exports[`renders ./components/switch/demo/loading.md correctly 1`] = `
<div><button type="button" role="switch" aria-checked="true" disabled="disabled" class="ant-switch ant-switch-checked ant-switch-disabled ant-switch-loading"><i aria-label="icon: loading" class="ant-switch-loading-icon anticon anticon-loading"><svg viewBox="0 0 1024 1024" data-icon="loading" width="1em" height="1em" fill="currentColor" aria-hidden="true" focusable="false" class="anticon-spin">
        <path d="M988 548c-19.9 0-36-16.1-36-36 0-59.4-11.6-117-34.6-171.3a440.45 440.45 0 0 0-94.3-139.9 437.71 437.71 0 0 0-139.9-94.3C629 83.6 571.4 72 512 72c-19.9 0-36-16.1-36-36s16.1-36 36-36c69.1 0 136.2 13.5 199.3 40.3C772.3 66 827 103 874 150c47 47 83.9 101.8 109.7 162.7 26.7 63.1 40.2 130.2 40.2 199.3.1 19.9-16 36-35.9 36z"></path>
      </svg></i><span class="ant-switch-inner"></span></button> <br> <button type="button" role="switch" disabled="disabled" class="ant-switch ant-switch-disabled ant-switch-small ant-switch-loading"><i aria-label="icon: loading" class="ant-switch-loading-icon anticon anticon-loading"><svg viewBox="0 0 1024 1024" data-icon="loading" width="1em" height="1em" fill="currentColor" aria-hidden="true" focusable="false" class="anticon-spin">
        <path d="M988 548c-19.9 0-36-16.1-36-36 0-59.4-11.6-117-34.6-171.3a440.45 440.45 0 0 0-94.3-139.9 437.71 437.71 0 0 0-139.9-94.3C629 83.6 571.4 72 512 72c-19.9 0-36-16.1-36-36s16.1-36 36-36c69.1 0 136.2 13.5 199.3 40.3C772.3 66 827 103 874 150c47 47 83.9 101.8 109.7 162.7 26.7 63.1 40.2 130.2 40.2 199.3.1 19.9-16 36-35.9 36z"></path>
      </svg></i><span class="ant-switch-inner"></span></button></div>
`;

exports[`renders ./components/switch/demo/size.md correctly 1`] = `<div><button type="button" role="switch" aria-checked="true" class="ant-switch ant-switch-checked"><span class="ant-switch-inner"></span></button> <br> <button type="button" role="switch" aria-checked="true" class="ant-switch ant-switch-checked ant-switch-small"><span class="ant-switch-inner"></span></button></div>`;

exports[`renders ./components/switch/demo/text.md correctly 1`] = `<div><button type="button" role="switch" aria-checked="true" class="ant-switch ant-switch-checked"><span class="ant-switch-inner">å¼€</span></button> <br> <button type="button" role="switch" class="ant-switch"><span class="ant-switch-inner">0</span></button> <br> <button type="button" role="switch" aria-checked="true" class="ant-switch ant-switch-checked"><span class="ant-switch-inner"><i slot="checkedChildren" aria-label="icon: check" class="anticon anticon-check"><svg viewBox="64 64 896 896" data-icon="check" width="1em" height="1em" fill="currentColor" aria-hidden="true" focusable="false" class=""><path d="M912 190h-69.9c-9.8 0-19.1 4.5-25.1 12.2L404.7 724.5 207 474a32 32 0 0 0-25.1-12.2H112c-6.7 0-10.4 7.7-6.3 12.9l273.9 347c12.8 16.2 37.4 16.2 50.3 0l488.4-618.9c4.1-5.1.4-12.8-6.3-12.8z"></path></svg></i></span></button></div>`;
